Archive member included to satisfy reference by file (symbol)

d:/student_works/~related_diploma~/software_code/gcc-arm-none-eabi/bin/../lib/gcc/arm-none-eabi/10.3.1/thumb/v6-m/nofp\libgcc.a(_dvmd_tls.o)
                              CMakeFiles/hydroponic.dir/D_/student_works/~Related_Diploma~/Software_Code/pico-sdk/src/rp2_common/pico_divider/divider.S.obj (__aeabi_idiv0)
d:/student_works/~related_diploma~/software_code/gcc-arm-none-eabi/bin/../lib/gcc/arm-none-eabi/10.3.1/../../../../arm-none-eabi/lib/thumb/v6-m/nofp\libg.a(lib_a-calloc.o)
                              CMakeFiles/hydroponic.dir/D_/student_works/~Related_Diploma~/Software_Code/pico-sdk/src/rp2_common/pico_malloc/pico_malloc.c.obj (calloc)
d:/student_works/~related_diploma~/software_code/gcc-arm-none-eabi/bin/../lib/gcc/arm-none-eabi/10.3.1/../../../../arm-none-eabi/lib/thumb/v6-m/nofp\libg.a(lib_a-callocr.o)
                              d:/student_works/~related_diploma~/software_code/gcc-arm-none-eabi/bin/../lib/gcc/arm-none-eabi/10.3.1/../../../../arm-none-eabi/lib/thumb/v6-m/nofp\libg.a(lib_a-calloc.o) (_calloc_r)
d:/student_works/~related_diploma~/software_code/gcc-arm-none-eabi/bin/../lib/gcc/arm-none-eabi/10.3.1/../../../../arm-none-eabi/lib/thumb/v6-m/nofp\libg.a(lib_a-errno.o)
                              d:/student_works/~related_diploma~/software_code/gcc-arm-none-eabi/bin/../lib/gcc/arm-none-eabi/10.3.1/../../../../arm-none-eabi/lib/thumb/v6-m/nofp\libg.a(lib_a-callocr.o) (__errno)
d:/student_works/~related_diploma~/software_code/gcc-arm-none-eabi/bin/../lib/gcc/arm-none-eabi/10.3.1/../../../../arm-none-eabi/lib/thumb/v6-m/nofp\libg.a(lib_a-impure.o)
                              d:/student_works/~related_diploma~/software_code/gcc-arm-none-eabi/bin/../lib/gcc/arm-none-eabi/10.3.1/../../../../arm-none-eabi/lib/thumb/v6-m/nofp\libg.a(lib_a-calloc.o) (_impure_ptr)
d:/student_works/~related_diploma~/software_code/gcc-arm-none-eabi/bin/../lib/gcc/arm-none-eabi/10.3.1/../../../../arm-none-eabi/lib/thumb/v6-m/nofp\libg.a(lib_a-init.o)
                              d:/student_works/~related_diploma~/software_code/gcc-arm-none-eabi/bin/../lib/gcc/arm-none-eabi/10.3.1/../../../../arm-none-eabi/lib/thumb/v6-m/nofp/crt0.o (__libc_init_array)
d:/student_works/~related_diploma~/software_code/gcc-arm-none-eabi/bin/../lib/gcc/arm-none-eabi/10.3.1/../../../../arm-none-eabi/lib/thumb/v6-m/nofp\libg.a(lib_a-malloc.o)
                              CMakeFiles/hydroponic.dir/D_/student_works/~Related_Diploma~/Software_Code/pico-sdk/src/rp2_common/pico_malloc/pico_malloc.c.obj (malloc)
d:/student_works/~related_diploma~/software_code/gcc-arm-none-eabi/bin/../lib/gcc/arm-none-eabi/10.3.1/../../../../arm-none-eabi/lib/thumb/v6-m/nofp\libg.a(lib_a-mallocr.o)
                              d:/student_works/~related_diploma~/software_code/gcc-arm-none-eabi/bin/../lib/gcc/arm-none-eabi/10.3.1/../../../../arm-none-eabi/lib/thumb/v6-m/nofp\libg.a(lib_a-callocr.o) (_malloc_r)
d:/student_works/~related_diploma~/software_code/gcc-arm-none-eabi/bin/../lib/gcc/arm-none-eabi/10.3.1/../../../../arm-none-eabi/lib/thumb/v6-m/nofp\libg.a(lib_a-mlock.o)
                              d:/student_works/~related_diploma~/software_code/gcc-arm-none-eabi/bin/../lib/gcc/arm-none-eabi/10.3.1/../../../../arm-none-eabi/lib/thumb/v6-m/nofp\libg.a(lib_a-mallocr.o) (__malloc_lock)
d:/student_works/~related_diploma~/software_code/gcc-arm-none-eabi/bin/../lib/gcc/arm-none-eabi/10.3.1/../../../../arm-none-eabi/lib/thumb/v6-m/nofp\libg.a(lib_a-realloc.o)
                              CMakeFiles/hydroponic.dir/D_/student_works/~Related_Diploma~/Software_Code/pico-sdk/src/rp2_common/pico_malloc/pico_malloc.c.obj (realloc)
d:/student_works/~related_diploma~/software_code/gcc-arm-none-eabi/bin/../lib/gcc/arm-none-eabi/10.3.1/../../../../arm-none-eabi/lib/thumb/v6-m/nofp\libg.a(lib_a-reallocr.o)
                              d:/student_works/~related_diploma~/software_code/gcc-arm-none-eabi/bin/../lib/gcc/arm-none-eabi/10.3.1/../../../../arm-none-eabi/lib/thumb/v6-m/nofp\libg.a(lib_a-realloc.o) (_realloc_r)
d:/student_works/~related_diploma~/software_code/gcc-arm-none-eabi/bin/../lib/gcc/arm-none-eabi/10.3.1/../../../../arm-none-eabi/lib/thumb/v6-m/nofp\libg.a(lib_a-sbrkr.o)
                              d:/student_works/~related_diploma~/software_code/gcc-arm-none-eabi/bin/../lib/gcc/arm-none-eabi/10.3.1/../../../../arm-none-eabi/lib/thumb/v6-m/nofp\libg.a(lib_a-mallocr.o) (_sbrk_r)
d:/student_works/~related_diploma~/software_code/gcc-arm-none-eabi/bin/../lib/gcc/arm-none-eabi/10.3.1/../../../../arm-none-eabi/lib/thumb/v6-m/nofp\libg.a(lib_a-strlen-stub.o)
                              CMakeFiles/hydroponic.dir/D_/student_works/~Related_Diploma~/Software_Code/pico-sdk/src/rp2_common/pico_stdio/stdio.c.obj (strlen)
d:/student_works/~related_diploma~/software_code/gcc-arm-none-eabi/bin/../lib/gcc/arm-none-eabi/10.3.1/../../../../arm-none-eabi/lib/thumb/v6-m/nofp\libg.a(lib_a-freer.o)
[...]
Memory Configuration

Name             Origin             Length             Attributes
FLASH            0x10000000         0x00200000         xr
RAM              0x20000000         0x00040000         xrw
SCRATCH_X        0x20040000         0x00001000         xrw
SCRATCH_Y        0x20041000         0x00001000         xrw
*default*        0x00000000         0xffffffff

Linker script and memory map

LOAD d:/student_works/~related_diploma~/software_code/gcc-arm-none-eabi/bin/../lib/gcc/arm-none-eabi/10.3.1/thumb/v6-m/nofp/crti.o
LOAD d:/student_works/~related_diploma~/software_code/gcc-arm-none-eabi/bin/../lib/gcc/arm-none-eabi/10.3.1/thumb/v6-m/nofp/crtbegin.o
LOAD d:/student_works/~related_diploma~/software_code/gcc-arm-none-eabi/bin/../lib/gcc/arm-none-eabi/10.3.1/../../../../arm-none-eabi/lib/thumb/v6-m/nofp/crt0.o

.flash_begin    0x10000000        0x0
                0x10000000                __flash_binary_start = .

.boot2          0x10000000      0x100
                0x10000000                __boot2_start__ = .
 *(.boot2)
 .boot2         0x10000000      0x100 C:\Users\ctrai\AppData\Local\Temp\ccS5Mppn.o
                0x10000100                __boot2_end__ = .
                0x00000001                ASSERT (((__boot2_end__ - __boot2_start__) == 0x100), ERROR: Pico second stage bootloader must be 256 bytes in size)

.text           0x10000100     0x4288
                0x10000100                __logical_binary_start = .
 *(.vectors)
 .vectors       0x10000100       0xd4 CMakeFiles/hydroponic.dir/D_/student_works/~Related_Diploma~/Software_Code/pico-sdk/src/rp2_common/pico_standard_link/crt0.S.obj
                0x10000100                __VECTOR_TABLE
                0x10000100                __vectors
                0x100001c0                isr_invalid
                0x100001c0                __default_isrs_start
                0x100001c2                isr_nmi
                0x100001c4                isr_hardfault
                0x100001c6                isr_svcall
                0x100001c8                isr_pendsv
                0x100001ca                isr_systick
                0x100001cc                isr_irq23
                0x100001cc                isr_irq18
                0x100001cc                isr_irq11
                0x100001cc                isr_irq28
                0x100001cc                isr_irq19
                0x100001cc                isr_irq0
                0x100001cc                isr_irq6
                0x100001cc                isr_irq5
                0x100001cc                isr_irq12
                0x100001cc                isr_irq22
                0x100001cc                isr_irq31
                0x100001cc                isr_irq17
                0x100001cc                isr_irq27
                0x100001cc                isr_irq30
                0x100001cc                isr_irq2
                0x100001cc                isr_irq10
                0x100001cc                isr_irq8
                0x100001cc                isr_irq24
                0x100001cc                isr_irq1
                0x100001cc                isr_irq7
                0x100001cc                isr_irq21
                0x100001cc                isr_irq20
                0x100001cc                isr_irq15
                0x100001cc                isr_irq25
                0x100001cc                isr_irq13
                0x100001cc                __unhandled_user_irq
                0x100001cc                isr_irq4
                0x100001cc                isr_irq16
                0x100001cc                isr_irq29
                0x100001cc                isr_irq26
                0x100001cc                __default_isrs_end
                0x100001cc                isr_irq3
                0x100001cc                isr_irq14
                0x100001cc                isr_irq9
                0x100001d2                unhandled_user_irq_num_in_r0
 *(.binary_info_header)
 .binary_info_header
                0x100001d4       0x14 CMakeFiles/hydroponic.dir/D_/student_works/~Related_Diploma~/Software_Code/pico-sdk/src/rp2_common/pico_standard_link/crt0.S.obj
                0x100001e8                __binary_info_header_end = .
 *(.reset)
 .reset         0x100001e8       0xa0 CMakeFiles/hydroponic.dir/D_/student_works/~Related_Diploma~/Software_Code/pico-sdk/src/rp2_common/pico_standard_link/crt0.S.obj
                0x100001e8                _entry_point
 .reset         0x10000288       0x30 CMakeFiles/hydroponic.dir/D_/student_works/~Related_Diploma~/Software_Code/pico-sdk/src/rp2_common/pico_standard_link/binary_info.c.obj
 *(.init)
 .init          0x100002b8        0x4 d:/student_works/~related_diploma~/software_code/gcc-arm-none-eabi/bin/../lib/gcc/arm-none-eabi/10.3.1/thumb/v6-m/nofp/crti.o
                0x100002b8                _init
 *(EXCLUDE_FILE(*libm.a: *libc.a:*lib_a-mem*.o *libgcc.a:) .text*)
 .text          0x100002bc       0x48 d:/student_works/~related_diploma~/software_code/gcc-arm-none-eabi/bin/../lib/gcc/arm-none-eabi/10.3.1/thumb/v6-m/nofp/crtbegin.o
 .text.initialization
                0x10000304        0xc CMakeFiles/hydroponic.dir/code/main.c.obj
                0x10000304                initialization
 .text.main     0x10000310       0x4c CMakeFiles/hydroponic.dir/code/main.c.obj
                0x10000310                main
 .text.pump_initialization
                0x1000035c       0x12 CMakeFiles/hydroponic.dir/code/hardware/pump/pump_handler.c.obj
                0x1000035c                pump_initialization
 .text.pump_put
                0x1000036e       0x18 CMakeFiles/hydroponic.dir/code/hardware/pump/pump_handler.c.obj
                0x1000036e                pump_put
 .text.button_initialization
                0x10000386       0x1e CMakeFiles/hydroponic.dir/code/hardware/button/button_handler.c.obj
                0x10000386                button_initialization
 .text.is_button_pressed
                0x100003a4        0xe CMakeFiles/hydroponic.dir/code/hardware/button/button_handler.c.obj
                0x100003a4                is_button_pressed
 *fill*         0x100003b2        0x2 
 .text.gpio_set_function
                0x100003b4       0x30 CMakeFiles/hydroponic.dir/D_/student_works/~Related_Diploma~/Software_Code/pico-sdk/src/rp2_common/hardware_gpio/gpio.c.obj
                0x100003b4                gpio_set_function
 .text.gpio_set_pulls
                0x100003e4       0x34 CMakeFiles/hydroponic.dir/D_/student_works/~Related_Diploma~/Software_Code/pico-sdk/src/rp2_common/hardware_gpio/gpio.c.obj
                0x100003e4                gpio_set_pulls
 .text.gpio_init
                0x10000418       0x16 CMakeFiles/hydroponic.dir/D_/student_works/~Related_Diploma~/Software_Code/pico-sdk/src/rp2_common/hardware_gpio/gpio.c.obj
                0x10000418                gpio_init
 .text.gpio_init_mask
                0x1000042e       0x1e CMakeFiles/hydroponic.dir/D_/student_works/~Related_Diploma~/Software_Code/pico-sdk/src/rp2_common/hardware_gpio/gpio.c.obj
                0x1000042e                gpio_init_mask
 .text.running_on_fpga
                0x1000044c       0x14 CMakeFiles/hydroponic.dir/D_/student_works/~Related_Diploma~/Software_Code/pico-sdk/src/rp2_common/pico_platform/platform.c.obj
                0x1000044c                running_on_fpga
 .text.hw_claim_lock
                0x10000460       0x18 CMakeFiles/hydroponic.dir/D_/student_works/~Related_Diploma~/Software_Code/pico-sdk/src/rp2_common/hardware_claim/claim.c.obj
                0x10000460                hw_claim_lock
 .text.hw_claim_unlock
                0x10000478       0x14 CMakeFiles/hydroponic.dir/D_/student_works/~Related_Diploma~/Software_Code/pico-sdk/src/rp2_common/hardware_claim/claim.c.obj
                0x10000478                hw_claim_unlock
 .text.hw_claim_or_assert
                0x1000048c       0x32 CMakeFiles/hydroponic.dir/D_/student_works/~Related_Diploma~/Software_Code/pico-sdk/src/rp2_common/hardware_claim/claim.c.obj
                0x1000048c                hw_claim_or_assert
 *fill*         0x100004be        0x2 
 .text.spin_locks_reset
                0x100004c0       0x20 CMakeFiles/hydroponic.dir/D_/student_works/~Related_Diploma~/Software_Code/pico-sdk/src/rp2_common/hardware_sync/sync.c.obj
                0x100004c0                spin_locks_reset
 .text.next_striped_spin_lock_num
                0x100004e0       0x1c CMakeFiles/hydroponic.dir/D_/student_works/~Related_Diploma~/Software_Code/pico-sdk/src/rp2_common/hardware_sync/sync.c.obj
                0x100004e0                next_striped_spin_lock_num
 .text.set_raw_irq_handler_and_unlock
                0x100004fc       0x28 CMakeFiles/hydroponic.dir/D_/student_works/~Related_Diploma~/Software_Code/pico-sdk/src/rp2_common/hardware_irq/irq.c.obj
 .text.make_branch
                0x10000524       0x48 CMakeFiles/hydroponic.dir/D_/student_works/~Related_Diploma~/Software_Code/pico-sdk/src/rp2_common/hardware_irq/irq.c.obj
 .text.insert_branch_and_link
                0x1000056c       0x40 CMakeFiles/hydroponic.dir/D_/student_works/~Related_Diploma~/Software_Code/pico-sdk/src/rp2_common/hardware_irq/irq.c.obj
 .text.irq_is_enabled
                0x100005ac       0x18 CMakeFiles/hydroponic.dir/D_/student_works/~Related_Diploma~/Software_Code/pico-sdk/src/rp2_common/hardware_irq/irq.c.obj
                0x100005ac                irq_is_enabled
 .text.irq_set_mask_enabled
                0x100005c4       0x20 CMakeFiles/hydroponic.dir/D_/student_works/~Related_Diploma~/Software_Code/pico-sdk/src/rp2_common/hardware_irq/irq.c.obj
                0x100005c4                irq_set_mask_enabled
 .text.irq_set_enabled
                0x100005e4        0xe CMakeFiles/hydroponic.dir/D_/student_works/~Related_Diploma~/Software_Code/pico-sdk/src/rp2_common/hardware_irq/irq.c.obj
                0x100005e4                irq_set_enabled
 *fill*         0x100005f2        0x2 
 .text.irq_get_vtable_handler
                0x100005f4       0x10 CMakeFiles/hydroponic.dir/D_/student_works/~Related_Diploma~/Software_Code/pico-sdk/src/rp2_common/hardware_irq/irq.c.obj
                0x100005f4                irq_get_vtable_handler
 .text.irq_set_exclusive_handler
                0x10000604       0x54 CMakeFiles/hydroponic.dir/D_/student_works/~Related_Diploma~/Software_Code/pico-sdk/src/rp2_common/hardware_irq/irq.c.obj
                0x10000604                irq_set_exclusive_handler
 .text.irq_remove_handler
                0x10000658      0x1ac CMakeFiles/hydroponic.dir/D_/student_works/~Related_Diploma~/Software_Code/pico-sdk/src/rp2_common/hardware_irq/irq.c.obj
                0x10000658                irq_remove_handler
 .text.irq_add_tail_to_free_list
                0x10000804       0xf0 CMakeFiles/hydroponic.dir/D_/student_works/~Related_Diploma~/Software_Code/pico-sdk/src/rp2_common/hardware_irq/irq.c.obj
                0x10000804                irq_add_tail_to_free_list
 .text.irq_init_priorities
                0x100008f4       0x1c CMakeFiles/hydroponic.dir/D_/student_works/~Related_Diploma~/Software_Code/pico-sdk/src/rp2_common/hardware_irq/irq.c.obj
                0x100008f4                irq_init_priorities
 .text.lock_init
                0x10000910       0x10 CMakeFiles/hydroponic.dir/D_/student_works/~Related_Diploma~/Software_Code/pico-sdk/src/common/pico_sync/lock_core.c.obj
                0x10000910                lock_init
 .text.mutex_init
                0x10000920       0x1a CMakeFiles/hydroponic.dir/D_/student_works/~Related_Diploma~/Software_Code/pico-sdk/src/common/pico_sync/mutex.c.obj
                0x10000920                mutex_init
 .text.recursive_mutex_init
                0x1000093a       0x1e CMakeFiles/hydroponic.dir/D_/student_works/~Related_Diploma~/Software_Code/pico-sdk/src/common/pico_sync/mutex.c.obj
                0x1000093a                recursive_mutex_init
 .text.alarm_pool_post_alloc_init
                0x10000958       0x40 CMakeFiles/hydroponic.dir/D_/student_works/~Related_Diploma~/Software_Code/pico-sdk/src/common/pico_time/time.c.obj
 .text.sleep_until_callback
                0x10000998       0x30 CMakeFiles/hydroponic.dir/D_/student_works/~Related_Diploma~/Software_Code/pico-sdk/src/common/pico_time/time.c.obj
 .text.timer_pool_entry_comparator
                0x100009c8       0x7c CMakeFiles/hydroponic.dir/D_/student_works/~Related_Diploma~/Software_Code/pico-sdk/src/common/pico_time/time.c.obj
                0x100009c8                timer_pool_entry_comparator
 .text.ph_add_child_node
                0x10000a44       0xa4 CMakeFiles/hydroponic.dir/D_/student_works/~Related_Diploma~/Software_Code/pico-sdk/src/common/pico_time/time.c.obj
 .text.ph_merge_nodes
                0x10000ae8       0x3e CMakeFiles/hydroponic.dir/D_/student_works/~Related_Diploma~/Software_Code/pico-sdk/src/common/pico_time/time.c.obj
 *fill*         0x10000b26        0x2 
 .text.add_alarm_under_lock
                0x10000b28      0x174 CMakeFiles/hydroponic.dir/D_/student_works/~Related_Diploma~/Software_Code/pico-sdk/src/common/pico_time/time.c.obj
 .text.alarm_pool_alarm_callback
                0x10000c9c      0x33c CMakeFiles/hydroponic.dir/D_/student_works/~Related_Diploma~/Software_Code/pico-sdk/src/common/pico_time/time.c.obj
 .text.alarm_pool_init_default
                0x10000fd8       0x40 CMakeFiles/hydroponic.dir/D_/student_works/~Related_Diploma~/Software_Code/pico-sdk/src/common/pico_time/time.c.obj
                0x10000fd8                alarm_pool_init_default
 .text.alarm_pool_get_default
                0x10001018       0x2c CMakeFiles/hydroponic.dir/D_/student_works/~Related_Diploma~/Software_Code/pico-sdk/src/common/pico_time/time.c.obj
                0x10001018                alarm_pool_get_default
 .text.alarm_pool_add_alarm_at
                0x10001044      0x168 CMakeFiles/hydroponic.dir/D_/student_works/~Related_Diploma~/Software_Code/pico-sdk/src/common/pico_time/time.c.obj
                0x10001044                alarm_pool_add_alarm_at
 .text.alarm_pool_cancel_alarm
                0x100011ac       0xf8 CMakeFiles/hydroponic.dir/D_/student_works/~Related_Diploma~/Software_Code/pico-sdk/src/common/pico_time/time.c.obj
                0x100011ac                alarm_pool_cancel_alarm
 .text.sleep_until
                0x100012a4       0xfc CMakeFiles/hydroponic.dir/D_/student_works/~Related_Diploma~/Software_Code/pico-sdk/src/common/pico_time/time.c.obj
                0x100012a4                sleep_until
 .text.sleep_us
                0x100013a0       0x58 CMakeFiles/hydroponic.dir/D_/student_works/~Related_Diploma~/Software_Code/pico-sdk/src/common/pico_time/time.c.obj
                0x100013a0                sleep_us
 .text.sleep_ms
                0x100013f8       0x14 CMakeFiles/hydroponic.dir/D_/student_works/~Related_Diploma~/Software_Code/pico-sdk/src/common/pico_time/time.c.obj
                0x100013f8                sleep_ms
 .text.best_effort_wfe_or_timeout
                0x1000140c       0xac CMakeFiles/hydroponic.dir/D_/student_works/~Related_Diploma~/Software_Code/pico-sdk/src/common/pico_time/time.c.obj
                0x1000140c                best_effort_wfe_or_timeout
 .text.hardware_alarm_irq_handler
                0x100014b8       0x90 CMakeFiles/hydroponic.dir/D_/student_works/~Related_Diploma~/Software_Code/pico-sdk/src/rp2_common/hardware_timer/timer.c.obj
 .text.hardware_alarm_claim
                0x10001548       0x18 CMakeFiles/hydroponic.dir/D_/student_works/~Related_Diploma~/Software_Code/pico-sdk/src/rp2_common/hardware_timer/timer.c.obj
                0x10001548                hardware_alarm_claim
 .text.time_us_64
                0x10001560       0x18 CMakeFiles/hydroponic.dir/D_/student_works/~Related_Diploma~/Software_Code/pico-sdk/src/rp2_common/hardware_timer/timer.c.obj
                0x10001560                time_us_64
 .text.busy_wait_until
                0x10001578       0x28 CMakeFiles/hydroponic.dir/D_/student_works/~Related_Diploma~/Software_Code/pico-sdk/src/rp2_common/hardware_timer/timer.c.obj
                0x10001578                busy_wait_until
 .text.hardware_alarm_set_callback
                0x100015a0       0x90 CMakeFiles/hydroponic.dir/D_/student_works/~Related_Diploma~/Software_Code/pico-sdk/src/rp2_common/hardware_timer/timer.c.obj
                0x100015a0                hardware_alarm_set_callback
 .text.hardware_alarm_set_target
                0x10001630       0xe8 CMakeFiles/hydroponic.dir/D_/student_works/~Related_Diploma~/Software_Code/pico-sdk/src/rp2_common/hardware_timer/timer.c.obj
                0x10001630                hardware_alarm_set_target
 .text.hardware_alarm_cancel
                0x10001718       0x40 CMakeFiles/hydroponic.dir/D_/student_works/~Related_Diploma~/Software_Code/pico-sdk/src/rp2_common/hardware_timer/timer.c.obj
                0x10001718                hardware_alarm_cancel
 .text.ph_add_child_node
                0x10001758       0xa4 CMakeFiles/hydroponic.dir/D_/student_works/~Related_Diploma~/Software_Code/pico-sdk/src/common/pico_util/pheap.c.obj
 .text.ph_merge_nodes
                0x100017fc       0x3e CMakeFiles/hydroponic.dir/D_/student_works/~Related_Diploma~/Software_Code/pico-sdk/src/common/pico_util/pheap.c.obj
 *fill*         0x1000183a        0x2 
 .text.ph_clear
                0x1000183c       0x70 CMakeFiles/hydroponic.dir/D_/student_works/~Related_Diploma~/Software_Code/pico-sdk/src/common/pico_util/pheap.c.obj
                0x1000183c                ph_clear
 .text.ph_post_alloc_init
                0x100018ac        0xe CMakeFiles/hydroponic.dir/D_/student_works/~Related_Diploma~/Software_Code/pico-sdk/src/common/pico_util/pheap.c.obj
                0x100018ac                ph_post_alloc_init
 *fill*         0x100018ba        0x2 
 .text.ph_merge_two_pass
                0x100018bc       0xa8 CMakeFiles/hydroponic.dir/D_/student_works/~Related_Diploma~/Software_Code/pico-sdk/src/common/pico_util/pheap.c.obj
                0x100018bc                ph_merge_two_pass
 .text.ph_remove_any_head
                0x10001964      0x128 CMakeFiles/hydroponic.dir/D_/student_works/~Related_Diploma~/Software_Code/pico-sdk/src/common/pico_util/pheap.c.obj
 .text.ph_remove_head
                0x10001a8c       0x14 CMakeFiles/hydroponic.dir/D_/student_works/~Related_Diploma~/Software_Code/pico-sdk/src/common/pico_util/pheap.c.obj
                0x10001a8c                ph_remove_head
 .text.ph_remove_and_free_node
                0x10001aa0       0xf8 CMakeFiles/hydroponic.dir/D_/student_works/~Related_Diploma~/Software_Code/pico-sdk/src/common/pico_util/pheap.c.obj
                0x10001aa0                ph_remove_and_free_node
 .text.clock_configure
                0x10001b98      0x108 CMakeFiles/hydroponic.dir/D_/student_works/~Related_Diploma~/Software_Code/pico-sdk/src/rp2_common/hardware_clocks/clocks.c.obj
                0x10001b98                clock_configure
 .text.clocks_init
                0x10001ca0      0x100 CMakeFiles/hydroponic.dir/D_/student_works/~Related_Diploma~/Software_Code/pico-sdk/src/rp2_common/hardware_clocks/clocks.c.obj
                0x10001ca0                clocks_init
 .text.pll_init
                0x10001da0      0x120 CMakeFiles/hydroponic.dir/D_/student_works/~Related_Diploma~/Software_Code/pico-sdk/src/rp2_common/hardware_pll/pll.c.obj
                0x10001da0                pll_init
 .text.watchdog_start_tick
                0x10001ec0       0x10 CMakeFiles/hydroponic.dir/D_/student_works/~Related_Diploma~/Software_Code/pico-sdk/src/rp2_common/hardware_watchdog/watchdog.c.obj
                0x10001ec0                watchdog_start_tick
 .text.xosc_init
                0x10001ed0       0x28 CMakeFiles/hydroponic.dir/D_/student_works/~Related_Diploma~/Software_Code/pico-sdk/src/rp2_common/hardware_xosc/xosc.c.obj
                0x10001ed0                xosc_init
 .text._exit    0x10001ef8        0x4 CMakeFiles/hydroponic.dir/D_/student_works/~Related_Diploma~/Software_Code/pico-sdk/src/rp2_common/pico_runtime/runtime.c.obj
                0x10001ef8                _exit
 .text.exit     0x10001efc        0x6 CMakeFiles/hydroponic.dir/D_/student_works/~Related_Diploma~/Software_Code/pico-sdk/src/rp2_common/pico_runtime/runtime.c.obj
                0x10001efc                exit
 *fill*         0x10001f02        0x2 
 .text.__assert_func
                0x10001f04       0x3c CMakeFiles/hydroponic.dir/D_/student_works/~Related_Diploma~/Software_Code/pico-sdk/src/rp2_common/pico_runtime/runtime.c.obj
                0x10001f04                __assert_func
 .text.runtime_init
                0x10001f40       0xf8 CMakeFiles/hydroponic.dir/D_/student_works/~Related_Diploma~/Software_Code/pico-sdk/src/rp2_common/pico_runtime/runtime.c.obj
                0x10001f40                runtime_init
 .text.panic    0x10002038       0x30 CMakeFiles/hydroponic.dir/D_/student_works/~Related_Diploma~/Software_Code/pico-sdk/src/rp2_common/pico_runtime/runtime.c.obj
                0x10002038                panic
 .text._out_null
                0x10002068        0x2 CMakeFiles/hydroponic.dir/D_/student_works/~Related_Diploma~/Software_Code/pico-sdk/src/rp2_common/pico_printf/printf.c.obj
 .text._out_fct
                0x1000206a        0xe CMakeFiles/hydroponic.dir/D_/student_works/~Related_Diploma~/Software_Code/pico-sdk/src/rp2_common/pico_printf/printf.c.obj
 .text._atoi    0x10002078       0x24 CMakeFiles/hydroponic.dir/D_/student_works/~Related_Diploma~/Software_Code/pico-sdk/src/rp2_common/pico_printf/printf.c.obj
 .text._out_rev
                0x1000209c       0xae CMakeFiles/hydroponic.dir/D_/student_works/~Related_Diploma~/Software_Code/pico-sdk/src/rp2_common/pico_printf/printf.c.obj
 .text._ntoa_format
                0x1000214a      0x112 CMakeFiles/hydroponic.dir/D_/student_works/~Related_Diploma~/Software_Code/pico-sdk/src/rp2_common/pico_printf/printf.c.obj
 .text._ntoa_long
                0x1000225c       0xbc CMakeFiles/hydroponic.dir/D_/student_works/~Related_Diploma~/Software_Code/pico-sdk/src/rp2_common/pico_printf/printf.c.obj
 .text._ntoa_long_long
                0x10002318       0xe2 CMakeFiles/hydroponic.dir/D_/student_works/~Related_Diploma~/Software_Code/pico-sdk/src/rp2_common/pico_printf/printf.c.obj
 *fill*         0x100023fa        0x2 
 .text._etoa    0x100023fc      0x414 CMakeFiles/hydroponic.dir/D_/student_works/~Related_Diploma~/Software_Code/pico-sdk/src/rp2_common/pico_printf/printf.c.obj
 .text._ftoa    0x10002810      0x354 CMakeFiles/hydroponic.dir/D_/student_works/~Related_Diploma~/Software_Code/pico-sdk/src/rp2_common/pico_printf/printf.c.obj
 .text._vsnprintf
                0x10002b64      0x624 CMakeFiles/hydroponic.dir/D_/student_works/~Related_Diploma~/Software_Code/pico-sdk/src/rp2_common/pico_printf/printf.c.obj
 .text.vfctprintf
                0x10003188       0x20 CMakeFiles/hydroponic.dir/D_/student_works/~Related_Diploma~/Software_Code/pico-sdk/src/rp2_common/pico_printf/printf.c.obj
                0x10003188                vfctprintf
 .text          0x100031a8       0x10 CMakeFiles/hydroponic.dir/D_/student_works/~Related_Diploma~/Software_Code/pico-sdk/src/rp2_common/pico_bit_ops/bit_ops_aeabi.S.obj
 .text.rom_func_lookup
                0x100031b8       0x10 CMakeFiles/hydroponic.dir/D_/student_works/~Related_Diploma~/Software_Code/pico-sdk/src/rp2_common/pico_bootrom/bootrom.c.obj
                0x100031b8                rom_func_lookup
 .text.rom_data_lookup
                0x100031c8       0x10 CMakeFiles/hydroponic.dir/D_/student_works/~Related_Diploma~/Software_Code/pico-sdk/src/rp2_common/pico_bootrom/bootrom.c.obj
                0x100031c8                rom_data_lookup
 .text.rom_funcs_lookup
                0x100031d8       0x36 CMakeFiles/hydroponic.dir/D_/student_works/~Related_Diploma~/Software_Code/pico-sdk/src/rp2_common/pico_bootrom/bootrom.c.obj
                0x100031d8                rom_funcs_lookup
 *fill*         0x1000320e        0x2 
 .text.__wrap___aeabi_idiv
                0x10003210       0x50 CMakeFiles/hydroponic.dir/D_/student_works/~Related_Diploma~/Software_Code/pico-sdk/src/rp2_common/pico_divider/divider.S.obj
                0x10003210                __wrap___aeabi_idivmod
                0x10003210                divmod_s32s32
                0x10003210                div_s32s32
                0x10003210                __wrap___aeabi_idiv
                0x10003218                divmod_s32s32_unsafe
                0x10003244                divmod_s32s32_savestate
 .text.__wrap___aeabi_uidiv
                0x10003260       0x4c CMakeFiles/hydroponic.dir/D_/student_works/~Related_Diploma~/Software_Code/pico-sdk/src/rp2_common/pico_divider/divider.S.obj
                0x10003260                __wrap___aeabi_uidiv
                0x10003260                __wrap___aeabi_uidivmod
                0x10003260                div_u32u32
                0x10003260                divmod_u32u32
                0x10003268                divmod_u32u32_unsafe
                0x10003290                divmod_u32u32_savestate
 .text.__wrap___aeabi_ldiv
                0x100032ac      0x424 CMakeFiles/hydroponic.dir/D_/student_works/~Related_Diploma~/Software_Code/pico-sdk/src/rp2_common/pico_divider/divider.S.obj
                0x100032ac                div_s64s64
                0x100032ac                divmod_s64s64
                0x100032ac                __wrap___aeabi_ldivmod
                0x100032dc                divmod_u64u64
                0x100032dc                div_u64u64
                0x100032dc                __wrap___aeabi_uldivmod
                0x100032ec                divmod_u64u64_savestate
                0x1000330c                divmod_s64s64_unsafe
                0x10003394                divmod_u64u64_unsafe
 .text.__wrap___aeabi_darithmetic
                0x100036d0       0x80 CMakeFiles/hydroponic.dir/D_/student_works/~Related_Diploma~/Software_Code/pico-sdk/src/rp2_common/pico_double/double_aeabi.S.obj
                0x100036d0                __wrap___aeabi_drsub
                0x100036d6                __wrap___aeabi_dsub
                0x100036e8                __wrap___aeabi_dadd
                0x100036fa                __wrap___aeabi_ddiv
                0x10003736                __wrap___aeabi_dmul
 .text.__wrap___aeabi_cdcmple
                0x10003750       0x6c CMakeFiles/hydroponic.dir/D_/student_works/~Related_Diploma~/Software_Code/pico-sdk/src/rp2_common/pico_double/double_aeabi.S.obj
                0x10003750                __wrap___aeabi_cdrcmple
                0x10003760                __wrap___aeabi_cdcmpeq
                0x10003760                __wrap___aeabi_cdcmple
 .text.__wrap___aeabi_dcmplt
                0x100037bc        0xc CMakeFiles/hydroponic.dir/D_/student_works/~Related_Diploma~/Software_Code/pico-sdk/src/rp2_common/pico_double/double_aeabi.S.obj
                0x100037bc                __wrap___aeabi_dcmplt
 .text.__wrap___aeabi_dcmple
                0x100037c8       0x10 CMakeFiles/hydroponic.dir/D_/student_works/~Related_Diploma~/Software_Code/pico-sdk/src/rp2_common/pico_double/double_aeabi.S.obj
                0x100037c8                __wrap___aeabi_dcmple
 .text.__wrap___aeabi_dcmpge
                0x100037d8       0x10 CMakeFiles/hydroponic.dir/D_/student_works/~Related_Diploma~/Software_Code/pico-sdk/src/rp2_common/pico_double/double_aeabi.S.obj
                0x100037d8                __wrap___aeabi_dcmpge
 .text.__wrap___aeabi_dcmpgt
                0x100037e8        0xa CMakeFiles/hydroponic.dir/D_/student_works/~Related_Diploma~/Software_Code/pico-sdk/src/rp2_common/pico_double/double_aeabi.S.obj
                0x100037e8                __wrap___aeabi_dcmpgt
 .text.__wrap___aeabi_dcmpun
                0x100037f2       0x1c CMakeFiles/hydroponic.dir/D_/student_works/~Related_Diploma~/Software_Code/pico-sdk/src/rp2_common/pico_double/double_aeabi.S.obj
                0x100037f2                __wrap___aeabi_dcmpun
 *fill*         0x1000380e        0x2 
 .text.__wrap___aeabi_i2d
                0x10003810       0x38 CMakeFiles/hydroponic.dir/D_/student_works/~Related_Diploma~/Software_Code/pico-sdk/src/rp2_common/pico_double/double_aeabi.S.obj
                0x10003810                __wrap___aeabi_ui2d
                0x10003818                __wrap___aeabi_i2d
 .text.__wrap___aeabi_d2iz
                0x10003848       0x48 CMakeFiles/hydroponic.dir/D_/student_works/~Related_Diploma~/Software_Code/pico-sdk/src/rp2_common/pico_double/double_aeabi.S.obj
                0x10003848                double2int_z
                0x10003848                __wrap___aeabi_d2iz
 .text.__wrap___aeabi_d2uiz
                0x10003890       0x18 CMakeFiles/hydroponic.dir/D_/student_works/~Related_Diploma~/Software_Code/pico-sdk/src/rp2_common/pico_double/double_aeabi.S.obj
                0x10003890                __wrap___aeabi_d2uiz
                0x10003890                double2uint
 .text.__aeabi_double_init
                0x100038a8       0xc8 CMakeFiles/hydroponic.dir/D_/student_works/~Related_Diploma~/Software_Code/pico-sdk/src/rp2_common/pico_double/double_init_rom.c.obj
                0x100038a8                __aeabi_double_init
 .text.double_table_shim_on_use_helper
                0x10003970       0x34 CMakeFiles/hydroponic.dir/D_/student_works/~Related_Diploma~/Software_Code/pico-sdk/src/rp2_common/pico_double/double_v1_rom_shim.S.obj
                0x10003970                double_table_shim_on_use_helper
 .text.__wrap___aeabi_dsub
                0x100039a4       0x10 CMakeFiles/hydroponic.dir/D_/student_works/~Related_Diploma~/Software_Code/pico-sdk/src/rp2_common/pico_double/double_v1_rom_shim.S.obj
                0x100039a4                drsub_shim
                0x100039aa                dsub_shim
 .text.dadd_shim
                0x100039b4      0x15c CMakeFiles/hydroponic.dir/D_/student_works/~Related_Diploma~/Software_Code/pico-sdk/src/rp2_common/pico_double/double_v1_rom_shim.S.obj
                0x100039b4                dadd_shim
 .text.dmul_shim
                0x10003b10      0x15c CMakeFiles/hydroponic.dir/D_/student_works/~Related_Diploma~/Software_Code/pico-sdk/src/rp2_common/pico_double/double_v1_rom_shim.S.obj
                0x10003b10                dmul_shim
 .text.ddiv_shim
                0x10003c6c      0x1b0 CMakeFiles/hydroponic.dir/D_/student_works/~Related_Diploma~/Software_Code/pico-sdk/src/rp2_common/pico_double/double_v1_rom_shim.S.obj
                0x10003c6c                ddiv_shim
 .text.double2uint_shim
                0x10003e1c        0xe CMakeFiles/hydroponic.dir/D_/student_works/~Related_Diploma~/Software_Code/pico-sdk/src/rp2_common/pico_double/double_v1_rom_shim.S.obj
                0x10003e1c                double2uint_shim
                0x10003e1e                double2ufix_shim
 *fill*         0x10003e2a        0x2 
 .text.double2uint64_shim
                0x10003e2c       0x70 CMakeFiles/hydroponic.dir/D_/student_works/~Related_Diploma~/Software_Code/pico-sdk/src/rp2_common/pico_double/double_v1_rom_shim.S.obj
                0x10003e2c                double2uint64_shim
                0x10003e2e                double2ufix64_shim
                0x10003e4e                d2fix_a
 .text.dunpacks
                0x10003e9c       0x3c CMakeFiles/hydroponic.dir/D_/student_works/~Related_Diploma~/Software_Code/pico-sdk/src/rp2_common/pico_double/double_v1_rom_shim.S.obj
                0x10003e9c                dunpacks
 .text.__aeabi_lmul
                0x10003ed8       0x32 CMakeFiles/hydroponic.dir/D_/student_works/~Related_Diploma~/Software_Code/pico-sdk/src/rp2_common/pico_int64_ops/pico_int64_ops_aeabi.S.obj
                0x10003ed8                __wrap___aeabi_lmul
 *fill*         0x10003f0a        0x2 
 .text.__aeabi_float_init
                0x10003f0c       0xfc CMakeFiles/hydroponic.dir/D_/student_works/~Related_Diploma~/Software_Code/pico-sdk/src/rp2_common/pico_float/float_init_rom.c.obj
                0x10003f0c                __aeabi_float_init
 .text.float_table_shim_on_use_helper
                0x10004008       0x34 CMakeFiles/hydroponic.dir/D_/student_works/~Related_Diploma~/Software_Code/pico-sdk/src/rp2_common/pico_float/float_v1_rom_shim.S.obj
                0x10004008                float_table_shim_on_use_helper
 .text          0x1000403c       0x10 CMakeFiles/hydroponic.dir/D_/student_works/~Related_Diploma~/Software_Code/pico-sdk/src/rp2_common/pico_mem_ops/mem_ops_aeabi.S.obj
                0x1000403c                __aeabi_mem_init
 .text.memcpy   0x1000404c        0xc CMakeFiles/hydroponic.dir/D_/student_works/~Related_Diploma~/Software_Code/pico-sdk/src/rp2_common/pico_mem_ops/mem_ops_aeabi.S.obj
                0x1000404c                __wrap_memcpy
                0x1000404c                __wrap___aeabi_memcpy
 .text.stdio_out_chars_no_crlf
                0x10004058        0xe CMakeFiles/hydroponic.dir/D_/student_works/~Related_Diploma~/Software_Code/pico-sdk/src/rp2_common/pico_stdio/stdio.c.obj
 *fill*         0x10004066        0x2 
 .text.stdio_out_chars_crlf
                0x10004068       0x80 CMakeFiles/hydroponic.dir/D_/student_works/~Related_Diploma~/Software_Code/pico-sdk/src/rp2_common/pico_stdio/stdio.c.obj
 .text.stdio_stack_buffer_flush
                0x100040e8       0x44 CMakeFiles/hydroponic.dir/D_/student_works/~Related_Diploma~/Software_Code/pico-sdk/src/rp2_common/pico_stdio/stdio.c.obj
 .text.stdio_buffered_printer
                0x1000412c       0x20 CMakeFiles/hydroponic.dir/D_/student_works/~Related_Diploma~/Software_Code/pico-sdk/src/rp2_common/pico_stdio/stdio.c.obj
 .text.stdout_serialize_begin
                0x1000414c       0x5c CMakeFiles/hydroponic.dir/D_/student_works/~Related_Diploma~/Software_Code/pico-sdk/src/rp2_common/pico_stdio/stdio.c.obj
                0x1000414c                stdout_serialize_begin
 .text.stdout_serialize_end
                0x100041a8       0x10 CMakeFiles/hydroponic.dir/D_/student_works/~Related_Diploma~/Software_Code/pico-sdk/src/rp2_common/pico_stdio/stdio.c.obj
                0x100041a8                stdout_serialize_end
 .text.stdio_put_string
                0x100041b8       0x98 CMakeFiles/hydroponic.dir/D_/student_works/~Related_Diploma~/Software_Code/pico-sdk/src/rp2_common/pico_stdio/stdio.c.obj
 .text.stdio_flush
                0x10004250       0x20 CMakeFiles/hydroponic.dir/D_/student_works/~Related_Diploma~/Software_Code/pico-sdk/src/rp2_common/pico_stdio/stdio.c.obj
                0x10004250                stdio_flush
 .text.__wrap_puts
                0x10004270       0x1e CMakeFiles/hydroponic.dir/D_/student_works/~Related_Diploma~/Software_Code/pico-sdk/src/rp2_common/pico_stdio/stdio.c.obj
                0x10004270                __wrap_puts
 *fill*         0x1000428e        0x2 
 .text.__wrap_vprintf
                0x10004290       0x40 CMakeFiles/hydroponic.dir/D_/student_works/~Related_Diploma~/Software_Code/pico-sdk/src/rp2_common/pico_stdio/stdio.c.obj
                0x10004290                __wrap_vprintf
 .text.__wrap_printf
                0x100042d0       0x18 CMakeFiles/hydroponic.dir/D_/student_works/~Related_Diploma~/Software_Code/pico-sdk/src/rp2_common/pico_stdio/stdio.c.obj
                0x100042d0                __wrap_printf
 .text.strlen   0x100042e8       0x5c d:/student_works/~related_diploma~/software_code/gcc-arm-none-eabi/bin/../lib/gcc/arm-none-eabi/10.3.1/../../../../arm-none-eabi/lib/thumb/v6-m/nofp\libg.a(lib_a-strlen-stub.o)
                0x100042e8                strlen
 *(.fini)
 .fini          0x10004344        0x4 d:/student_works/~related_diploma~/software_code/gcc-arm-none-eabi/bin/../lib/gcc/arm-none-eabi/10.3.1/thumb/v6-m/nofp/crti.o
                0x10004344                _fini
 .fini.__stub   0x10004348       0x40 linker stubs
 *crtbegin.o(.ctors)
 *crtbegin?.o(.ctors)
 *(EXCLUDE_FILE(*crtend.o *crtend?.o) .ctors)
 *(SORT_BY_NAME(.ctors.*))
 *(.ctors)
 *crtbegin.o(.dtors)
 *crtbegin?.o(.dtors)
 *(EXCLUDE_FILE(*crtend.o *crtend?.o) .dtors)
 *(SORT_BY_NAME(.dtors.*))
 *(.dtors)
 *(.eh_frame*)
 .eh_frame      0x10004388        0x0 d:/student_works/~related_diploma~/software_code/gcc-arm-none-eabi/bin/../lib/gcc/arm-none-eabi/10.3.1/thumb/v6-m/nofp/crtbegin.o
                0x10004388                . = ALIGN (0x4)

.glue_7         0x10004388        0x0
 .glue_7        0x10004388        0x0 linker stubs

.glue_7t        0x10004388        0x0
 .glue_7t       0x10004388        0x0 linker stubs

.vfp11_veneer   0x10004388        0x0
 .vfp11_veneer  0x10004388        0x0 linker stubs

.v4_bx          0x10004388        0x0
 .v4_bx         0x10004388        0x0 linker stubs

.iplt           0x10004388        0x0
 .iplt          0x10004388        0x0 d:/student_works/~related_diploma~/software_code/gcc-arm-none-eabi/bin/../lib/gcc/arm-none-eabi/10.3.1/thumb/v6-m/nofp/crtbegin.o

.rodata         0x10004388     0x1058
 *(EXCLUDE_FILE(*libm.a: *libc.a:*lib_a-mem*.o *libgcc.a:) .rodata*)
 .rodata.make_branch.str1.4
                0x10004388       0x8c CMakeFiles/hydroponic.dir/D_/student_works/~Related_Diploma~/Software_Code/pico-sdk/src/rp2_common/hardware_irq/irq.c.obj
 .rodata.insert_branch_and_link.str1.4
                0x10004414       0x10 CMakeFiles/hydroponic.dir/D_/student_works/~Related_Diploma~/Software_Code/pico-sdk/src/rp2_common/hardware_irq/irq.c.obj
 .rodata.irq_set_exclusive_handler.str1.4
                0x10004424       0x36 CMakeFiles/hydroponic.dir/D_/student_works/~Related_Diploma~/Software_Code/pico-sdk/src/rp2_common/hardware_irq/irq.c.obj
 *fill*         0x1000445a        0x2 
 .rodata.irq_add_shared_handler.str1.4
                0x1000445c       0xd9 CMakeFiles/hydroponic.dir/D_/student_works/~Related_Diploma~/Software_Code/pico-sdk/src/rp2_common/hardware_irq/irq.c.obj
 *fill*         0x10004535        0x3 
 .rodata.irq_remove_handler.str1.4
                0x10004538       0x3a CMakeFiles/hydroponic.dir/D_/student_works/~Related_Diploma~/Software_Code/pico-sdk/src/rp2_common/hardware_irq/irq.c.obj
 *fill*         0x10004572        0x2 
 .rodata.irq_add_tail_to_free_list.str1.4
                0x10004574       0x3a CMakeFiles/hydroponic.dir/D_/student_works/~Related_Diploma~/Software_Code/pico-sdk/src/rp2_common/hardware_irq/irq.c.obj
 *fill*         0x100045ae        0x2 
 .rodata.__func__.0
                0x100045b0       0x1a CMakeFiles/hydroponic.dir/D_/student_works/~Related_Diploma~/Software_Code/pico-sdk/src/rp2_common/hardware_irq/irq.c.obj
 *fill*         0x100045ca        0x2 
 .rodata.__func__.1
                0x100045cc       0x17 CMakeFiles/hydroponic.dir/D_/student_works/~Related_Diploma~/Software_Code/pico-sdk/src/rp2_common/hardware_irq/irq.c.obj
 *fill*         0x100045e3        0x1 
 .rodata.__func__.2
                0x100045e4       0x13 CMakeFiles/hydroponic.dir/D_/student_works/~Related_Diploma~/Software_Code/pico-sdk/src/rp2_common/hardware_irq/irq.c.obj
 *fill*         0x100045f7        0x1 
 .rodata.__func__.3
                0x100045f8        0xc CMakeFiles/hydroponic.dir/D_/student_works/~Related_Diploma~/Software_Code/pico-sdk/src/rp2_common/hardware_irq/irq.c.obj
 .rodata.__func__.4
                0x10004604        0xf CMakeFiles/hydroponic.dir/D_/student_works/~Related_Diploma~/Software_Code/pico-sdk/src/rp2_common/hardware_irq/irq.c.obj
 *fill*         0x10004613        0x1 
 .rodata.__func__.6
                0x10004614       0x1a CMakeFiles/hydroponic.dir/D_/student_works/~Related_Diploma~/Software_Code/pico-sdk/src/rp2_common/hardware_irq/irq.c.obj
 *fill*         0x1000462e        0x2 
 .rodata.str1.4
                0x10004630      0x129 CMakeFiles/hydroponic.dir/D_/student_works/~Related_Diploma~/Software_Code/pico-sdk/src/common/pico_sync/mutex.c.obj
 *fill*         0x10004759        0x3 
 .rodata.__func__.1
                0x1000475c        0xb CMakeFiles/hydroponic.dir/D_/student_works/~Related_Diploma~/Software_Code/pico-sdk/src/common/pico_sync/mutex.c.obj
 *fill*         0x10004767        0x1 
 .rodata.__func__.3
                0x10004768       0x18 CMakeFiles/hydroponic.dir/D_/student_works/~Related_Diploma~/Software_Code/pico-sdk/src/common/pico_sync/mutex.c.obj
 .rodata.repeating_timer_callback.str1.4
                0x10004780       0x6a CMakeFiles/hydroponic.dir/D_/student_works/~Related_Diploma~/Software_Code/pico-sdk/src/common/pico_time/time.c.obj
 *fill*         0x100047ea        0x2 
 .rodata.timer_pool_entry_comparator.str1.4
                0x100047ec       0x22 CMakeFiles/hydroponic.dir/D_/student_works/~Related_Diploma~/Software_Code/pico-sdk/src/common/pico_time/time.c.obj
 *fill*         0x1000480e        0x2 
 .rodata.ph_add_child_node.str1.4
                0x10004810       0xb6 CMakeFiles/hydroponic.dir/D_/student_works/~Related_Diploma~/Software_Code/pico-sdk/src/common/pico_time/time.c.obj
 *fill*         0x100048c6        0x2 
 .rodata.add_alarm_under_lock.str1.4
                0x100048c8       0x28 CMakeFiles/hydroponic.dir/D_/student_works/~Related_Diploma~/Software_Code/pico-sdk/src/common/pico_time/time.c.obj
                                 0x2b (size before relaxing)
 .rodata.alarm_pool_alarm_callback.str1.4
                0x100048f0       0x98 CMakeFiles/hydroponic.dir/D_/student_works/~Related_Diploma~/Software_Code/pico-sdk/src/common/pico_time/time.c.obj
                                0x118 (size before relaxing)
 .rodata.alarm_pool_get_default.str1.4
                0x10004988       0x21 CMakeFiles/hydroponic.dir/D_/student_works/~Related_Diploma~/Software_Code/pico-sdk/src/common/pico_time/time.c.obj
 *fill*         0x100049a9        0x3 
 .rodata.alarm_pool_cancel_alarm.str1.4
                0x100049ac       0x27 CMakeFiles/hydroponic.dir/D_/student_works/~Related_Diploma~/Software_Code/pico-sdk/src/common/pico_time/time.c.obj
 *fill*         0x100049d3        0x1 
 .rodata.sleep_until.str1.4
                0x100049d4       0x4d CMakeFiles/hydroponic.dir/D_/student_works/~Related_Diploma~/Software_Code/pico-sdk/src/common/pico_time/time.c.obj
 *fill*         0x10004a21        0x3 
 .rodata.__func__.1
                0x10004a24       0x18 CMakeFiles/hydroponic.dir/D_/student_works/~Related_Diploma~/Software_Code/pico-sdk/src/common/pico_time/time.c.obj
 .rodata.__func__.10
                0x10004a3c       0x15 CMakeFiles/hydroponic.dir/D_/student_works/~Related_Diploma~/Software_Code/pico-sdk/src/common/pico_time/time.c.obj
 *fill*         0x10004a51        0x3 
 .rodata.__func__.11
                0x10004a54       0x1a CMakeFiles/hydroponic.dir/D_/student_works/~Related_Diploma~/Software_Code/pico-sdk/src/common/pico_time/time.c.obj
 *fill*         0x10004a6e        0x2 
 .rodata.__func__.12
                0x10004a70        0xa CMakeFiles/hydroponic.dir/D_/student_works/~Related_Diploma~/Software_Code/pico-sdk/src/common/pico_time/time.c.obj
 *fill*         0x10004a7a        0x2 
 .rodata.__func__.3
                0x10004a7c       0x17 CMakeFiles/hydroponic.dir/D_/student_works/~Related_Diploma~/Software_Code/pico-sdk/src/common/pico_time/time.c.obj
 *fill*         0x10004a93        0x1 
 .rodata.__func__.4
                0x10004a94       0x12 CMakeFiles/hydroponic.dir/D_/student_works/~Related_Diploma~/Software_Code/pico-sdk/src/common/pico_time/time.c.obj
 *fill*         0x10004aa6        0x2 
 .rodata.__func__.5
                0x10004aa8        0xd CMakeFiles/hydroponic.dir/D_/student_works/~Related_Diploma~/Software_Code/pico-sdk/src/common/pico_time/time.c.obj
 *fill*         0x10004ab5        0x3 
 .rodata.__func__.6
                0x10004ab8       0x12 CMakeFiles/hydroponic.dir/D_/student_works/~Related_Diploma~/Software_Code/pico-sdk/src/common/pico_time/time.c.obj
 *fill*         0x10004aca        0x2 
 .rodata.__func__.7
                0x10004acc        0xf CMakeFiles/hydroponic.dir/D_/student_works/~Related_Diploma~/Software_Code/pico-sdk/src/common/pico_time/time.c.obj
 *fill*         0x10004adb        0x1 
 .rodata.__func__.8
                0x10004adc        0xc CMakeFiles/hydroponic.dir/D_/student_works/~Related_Diploma~/Software_Code/pico-sdk/src/common/pico_time/time.c.obj
 .rodata.__func__.9
                0x10004ae8       0x15 CMakeFiles/hydroponic.dir/D_/student_works/~Related_Diploma~/Software_Code/pico-sdk/src/common/pico_time/time.c.obj
 *fill*         0x10004afd        0x3 
 .rodata.hardware_alarm_claim.str1.4
                0x10004b00       0x22 CMakeFiles/hydroponic.dir/D_/student_works/~Related_Diploma~/Software_Code/pico-sdk/src/rp2_common/hardware_timer/timer.c.obj
 *fill*         0x10004b22        0x2 
 .rodata.hardware_alarm_set_target.str1.4
                0x10004b24       0x84 CMakeFiles/hydroponic.dir/D_/student_works/~Related_Diploma~/Software_Code/pico-sdk/src/rp2_common/hardware_timer/timer.c.obj
 .rodata.__func__.0
                0x10004ba8       0x1a CMakeFiles/hydroponic.dir/D_/student_works/~Related_Diploma~/Software_Code/pico-sdk/src/rp2_common/hardware_timer/timer.c.obj
 .rodata.ph_add_child_node.str1.4
                0x10004bc2       0xb6 CMakeFiles/hydroponic.dir/D_/student_works/~Related_Diploma~/Software_Code/pico-sdk/src/common/pico_util/pheap.c.obj
 *fill*         0x10004bc2        0x2 
 .rodata.ph_remove_any_head.str1.4
                0x10004bc4       0xac CMakeFiles/hydroponic.dir/D_/student_works/~Related_Diploma~/Software_Code/pico-sdk/src/common/pico_util/pheap.c.obj
                                 0xc0 (size before relaxing)
 .rodata.ph_remove_and_free_node.str1.4
                0x10004c70       0x1e CMakeFiles/hydroponic.dir/D_/student_works/~Related_Diploma~/Software_Code/pico-sdk/src/common/pico_util/pheap.c.obj
                                 0x26 (size before relaxing)
 *fill*         0x10004c8e        0x2 
 .rodata.__func__.0
                0x10004c90       0x18 CMakeFiles/hydroponic.dir/D_/student_works/~Related_Diploma~/Software_Code/pico-sdk/src/common/pico_util/pheap.c.obj
 .rodata.__func__.1
                0x10004ca8       0x13 CMakeFiles/hydroponic.dir/D_/student_works/~Related_Diploma~/Software_Code/pico-sdk/src/common/pico_util/pheap.c.obj
 *fill*         0x10004cbb        0x1 
 .rodata.__func__.2
                0x10004cbc       0x12 CMakeFiles/hydroponic.dir/D_/student_works/~Related_Diploma~/Software_Code/pico-sdk/src/common/pico_util/pheap.c.obj
 *fill*         0x10004cce        0x2 
 .rodata.__func__.3
                0x10004cd0        0xc CMakeFiles/hydroponic.dir/D_/student_works/~Related_Diploma~/Software_Code/pico-sdk/src/common/pico_util/pheap.c.obj
 .rodata.clock_configure.str1.4
                0x10004cdc       0x76 CMakeFiles/hydroponic.dir/D_/student_works/~Related_Diploma~/Software_Code/pico-sdk/src/rp2_common/hardware_clocks/clocks.c.obj
 *fill*         0x10004d52        0x2 
 .rodata.__func__.1
                0x10004d54       0x10 CMakeFiles/hydroponic.dir/D_/student_works/~Related_Diploma~/Software_Code/pico-sdk/src/rp2_common/hardware_clocks/clocks.c.obj
 .rodata.pll_init.str1.4
                0x10004d64      0x140 CMakeFiles/hydroponic.dir/D_/student_works/~Related_Diploma~/Software_Code/pico-sdk/src/rp2_common/hardware_pll/pll.c.obj
 .rodata.__func__.0
                0x10004ea4        0x9 CMakeFiles/hydroponic.dir/D_/student_works/~Related_Diploma~/Software_Code/pico-sdk/src/rp2_common/hardware_pll/pll.c.obj
 *fill*         0x10004ead        0x3 
 .rodata.__assert_func.str1.4
                0x10004eb0       0x3f CMakeFiles/hydroponic.dir/D_/student_works/~Related_Diploma~/Software_Code/pico-sdk/src/rp2_common/pico_runtime/runtime.c.obj
                                 0x43 (size before relaxing)
 *fill*         0x10004eef        0x1 
 .rodata.runtime_init.str1.4
                0x10004ef0       0x80 CMakeFiles/hydroponic.dir/D_/student_works/~Related_Diploma~/Software_Code/pico-sdk/src/rp2_common/pico_runtime/runtime.c.obj
 .rodata.panic.str1.4
                0x10004f70       0x12 CMakeFiles/hydroponic.dir/D_/student_works/~Related_Diploma~/Software_Code/pico-sdk/src/rp2_common/pico_runtime/runtime.c.obj
 *fill*         0x10004f82        0x2 
 .rodata.__func__.2
                0x10004f84        0xd CMakeFiles/hydroponic.dir/D_/student_works/~Related_Diploma~/Software_Code/pico-sdk/src/rp2_common/pico_runtime/runtime.c.obj
 *fill*         0x10004f91        0x3 
 .rodata._ftoa.str1.4
                0x10004f94       0x15 CMakeFiles/hydroponic.dir/D_/student_works/~Related_Diploma~/Software_Code/pico-sdk/src/rp2_common/pico_printf/printf.c.obj
 *fill*         0x10004fa9        0x3 
 .rodata._vsnprintf
                0x10004fac      0x1e0 CMakeFiles/hydroponic.dir/D_/student_works/~Related_Diploma~/Software_Code/pico-sdk/src/rp2_common/pico_printf/printf.c.obj
 *fill*         0x1000518c        0x4 
 .rodata.pow10.0
                0x10005190       0x50 CMakeFiles/hydroponic.dir/D_/student_works/~Related_Diploma~/Software_Code/pico-sdk/src/rp2_common/pico_printf/printf.c.obj
 .rodata.__aeabi_double_init.str1.4
                0x100051e0       0xbb CMakeFiles/hydroponic.dir/D_/student_works/~Related_Diploma~/Software_Code/pico-sdk/src/rp2_common/pico_double/double_init_rom.c.obj
 *fill*         0x1000529b        0x1 
 .rodata.__func__.0
                0x1000529c       0x14 CMakeFiles/hydroponic.dir/D_/student_works/~Related_Diploma~/Software_Code/pico-sdk/src/rp2_common/pico_double/double_init_rom.c.obj
 .rodata.__aeabi_float_init.str1.4
                0x100052b0       0x99 CMakeFiles/hydroponic.dir/D_/student_works/~Related_Diploma~/Software_Code/pico-sdk/src/rp2_common/pico_float/float_init_rom.c.obj
                                 0x9d (size before relaxing)
 *fill*         0x10005349        0x3 
 .rodata.__func__.0
                0x1000534c       0x13 CMakeFiles/hydroponic.dir/D_/student_works/~Related_Diploma~/Software_Code/pico-sdk/src/rp2_common/pico_float/float_init_rom.c.obj
 *fill*         0x1000535f        0x1 
 .rodata.str1.4
                0x10005360       0x40 CMakeFiles/hydroponic.dir/D_/student_works/~Related_Diploma~/Software_Code/pico-sdk/src/rp2_common/pico_standard_link/binary_info.c.obj
 .rodata.__bi_44
                0x100053a0        0xc CMakeFiles/hydroponic.dir/D_/student_works/~Related_Diploma~/Software_Code/pico-sdk/src/rp2_common/pico_standard_link/binary_info.c.obj
 .rodata.__bi_75
                0x100053ac        0xc CMakeFiles/hydroponic.dir/D_/student_works/~Related_Diploma~/Software_Code/pico-sdk/src/rp2_common/pico_standard_link/binary_info.c.obj
 .rodata.__bi_81
                0x100053b8        0xc CMakeFiles/hydroponic.dir/D_/student_works/~Related_Diploma~/Software_Code/pico-sdk/src/rp2_common/pico_standard_link/binary_info.c.obj
 .rodata.stdout_serialize_begin.str1.4
                0x100053c4       0x80 CMakeFiles/hydroponic.dir/D_/student_works/~Related_Diploma~/Software_Code/pico-sdk/src/rp2_common/pico_stdio/stdio.c.obj
 .rodata.__func__.3
                0x100053c4       0x15 CMakeFiles/hydroponic.dir/D_/student_works/~Related_Diploma~/Software_Code/pico-sdk/src/rp2_common/pico_stdio/stdio.c.obj
 *fill*         0x100053d9        0x3 
 .rodata.crlf_str.2
                0x100053dc        0x2 CMakeFiles/hydroponic.dir/D_/student_works/~Related_Diploma~/Software_Code/pico-sdk/src/rp2_common/pico_stdio/stdio.c.obj
                0x100053e0                . = ALIGN (0x4)
 *fill*         0x100053de        0x2 
 *(SORT_BY_ALIGNMENT(SORT_BY_NAME(.flashdata*)))
                0x100053e0                . = ALIGN (0x4)

.ARM.extab
 *(.ARM.extab* .gnu.linkonce.armextab.*)
                0x100053e0                __exidx_start = .

.ARM.exidx
 *(.ARM.exidx* .gnu.linkonce.armexidx.*)
                0x100053e0                __exidx_end = .
                0x100053e0                . = ALIGN (0x4)
                0x100053e0                __binary_info_start = .

.binary_info    0x100053e0       0x1c
 *(.binary_info.keep.*)
 .binary_info.keep.__bi_ptr22
                0x100053e0        0x4 CMakeFiles/hydroponic.dir/D_/student_works/~Related_Diploma~/Software_Code/pico-sdk/src/rp2_common/pico_standard_link/binary_info.c.obj
 .binary_info.keep.__bi_ptr30
                0x100053e4        0x4 CMakeFiles/hydroponic.dir/D_/student_works/~Related_Diploma~/Software_Code/pico-sdk/src/rp2_common/pico_standard_link/binary_info.c.obj
 .binary_info.keep.__bi_ptr38
                0x100053e8        0x4 CMakeFiles/hydroponic.dir/D_/student_works/~Related_Diploma~/Software_Code/pico-sdk/src/rp2_common/pico_standard_link/binary_info.c.obj
 .binary_info.keep.__bi_ptr44
                0x100053ec        0x4 CMakeFiles/hydroponic.dir/D_/student_works/~Related_Diploma~/Software_Code/pico-sdk/src/rp2_common/pico_standard_link/binary_info.c.obj
 .binary_info.keep.__bi_ptr50
                0x100053f0        0x4 CMakeFiles/hydroponic.dir/D_/student_works/~Related_Diploma~/Software_Code/pico-sdk/src/rp2_common/pico_standard_link/binary_info.c.obj
 .binary_info.keep.__bi_ptr75
                0x100053f4        0x4 CMakeFiles/hydroponic.dir/D_/student_works/~Related_Diploma~/Software_Code/pico-sdk/src/rp2_common/pico_standard_link/binary_info.c.obj
 .binary_info.keep.__bi_ptr81
                0x100053f8        0x4 CMakeFiles/hydroponic.dir/D_/student_works/~Related_Diploma~/Software_Code/pico-sdk/src/rp2_common/pico_standard_link/binary_info.c.obj
 *(.binary_info.*)
                0x100053fc                __binary_info_end = .

.rel.dyn        0x100053fc        0x0
 .rel.iplt      0x100053fc        0x0 d:/student_works/~related_diploma~/software_code/gcc-arm-none-eabi/bin/../lib/gcc/arm-none-eabi/10.3.1/thumb/v6-m/nofp/crtbegin.o
                0x100053fc                . = ALIGN (0x4)

.ram_vector_table
                0x20000000       0xc0
 *(.ram_vector_table)
 .ram_vector_table
                0x20000000       0xc0 CMakeFiles/hydroponic.dir/D_/student_works/~Related_Diploma~/Software_Code/pico-sdk/src/rp2_common/pico_runtime/runtime.c.obj
                0x20000000                ram_vector_table

.data           0x200000c0      0x22c load address 0x100053fc
                0x200000c0                __data_start__ = .
 *(vtable)
 *(.time_critical*)
 .time_critical.mutex_try_enter
                0x200000c0       0x46 CMakeFiles/hydroponic.dir/D_/student_works/~Related_Diploma~/Software_Code/pico-sdk/src/common/pico_sync/mutex.c.obj
                0x200000c0                mutex_try_enter
 *fill*         0x20000106        0x2 
 .time_critical.mutex_enter_block_until
                0x20000108       0x8c CMakeFiles/hydroponic.dir/D_/student_works/~Related_Diploma~/Software_Code/pico-sdk/src/common/pico_sync/mutex.c.obj
                0x20000108                mutex_enter_block_until
 .time_critical.mutex_try_enter_block_until
                0x20000194       0x34 CMakeFiles/hydroponic.dir/D_/student_works/~Related_Diploma~/Software_Code/pico-sdk/src/common/pico_sync/mutex.c.obj
                0x20000194                mutex_try_enter_block_until
 .time_critical.mutex_exit
                0x200001c8       0x4c CMakeFiles/hydroponic.dir/D_/student_works/~Related_Diploma~/Software_Code/pico-sdk/src/common/pico_sync/mutex.c.obj
                0x200001c8                mutex_exit
 *(.text*)
 .text          0x20000214        0x4 d:/student_works/~related_diploma~/software_code/gcc-arm-none-eabi/bin/../lib/gcc/arm-none-eabi/10.3.1/thumb/v6-m/nofp\libgcc.a(_dvmd_tls.o)
                0x20000214                __aeabi_idiv0
                0x20000214                __aeabi_ldiv0
 .text.__stub   0x20000218       0x20 linker stubs
                0x20000238                . = ALIGN (0x4)
 *(.rodata*)
                0x20000238                . = ALIGN (0x4)
 *(.data*)
 .data.striped_spin_lock_num
                0x20000238        0x1 CMakeFiles/hydroponic.dir/D_/student_works/~Related_Diploma~/Software_Code/pico-sdk/src/rp2_common/hardware_sync/sync.c.obj
 *fill*         0x20000239        0x3 
 .data          0x2000023c       0x48 CMakeFiles/hydroponic.dir/D_/student_works/~Related_Diploma~/Software_Code/pico-sdk/src/rp2_common/hardware_irq/irq_handler_chain.S.obj
                0x2000023c                irq_handler_chain_slots
                0x2000026c                irq_handler_chain_first_slot
                0x20000276                irq_handler_chain_remove_tail
 .data.default_alarm_pool
                0x20000284       0x18 CMakeFiles/hydroponic.dir/D_/student_works/~Related_Diploma~/Software_Code/pico-sdk/src/common/pico_time/time.c.obj
 .data.default_alarm_pool_heap
                0x2000029c       0x10 CMakeFiles/hydroponic.dir/D_/student_works/~Related_Diploma~/Software_Code/pico-sdk/src/common/pico_time/time.c.obj
 *fill*         0x200002ac        0x4 
 .data.aeabi_bits_funcs
                0x200002b0       0x10 CMakeFiles/hydroponic.dir/D_/student_works/~Related_Diploma~/Software_Code/pico-sdk/src/rp2_common/pico_bit_ops/bit_ops_aeabi.S.obj
                0x200002b0                aeabi_bits_funcs
                0x200002c0                aeabi_bits_funcs_end
 .data.aeabi_mem_funcs
                0x200002c0       0x10 CMakeFiles/hydroponic.dir/D_/student_works/~Related_Diploma~/Software_Code/pico-sdk/src/rp2_common/pico_mem_ops/mem_ops_aeabi.S.obj
                0x200002c0                aeabi_mem_funcs
                0x200002d0                aeabi_mem_funcs_end
                0x200002d0                . = ALIGN (0x4)
 *(.after_data.*)
                0x200002d0                . = ALIGN (0x4)
                0x200002d0                PROVIDE (__mutex_array_start = .)
 *(SORT_BY_NAME(.mutex_array.*))
 *(.mutex_array)
 .mutex_array   0x200002d0        0x8 CMakeFiles/hydroponic.dir/D_/student_works/~Related_Diploma~/Software_Code/pico-sdk/src/rp2_common/pico_stdio/stdio.c.obj
                0x200002d8                PROVIDE (__mutex_array_end = .)
                0x200002d8                . = ALIGN (0x4)
                0x200002d8                PROVIDE (__preinit_array_start = .)
 *(SORT_BY_NAME(.preinit_array.*))
 .preinit_array.00001
                0x200002d8        0x4 CMakeFiles/hydroponic.dir/D_/student_works/~Related_Diploma~/Software_Code/pico-sdk/src/rp2_common/pico_mem_ops/mem_ops_aeabi.S.obj
 .preinit_array.00010
                0x200002dc        0x4 CMakeFiles/hydroponic.dir/D_/student_works/~Related_Diploma~/Software_Code/pico-sdk/src/rp2_common/pico_bit_ops/bit_ops_aeabi.S.obj
 .preinit_array.00020
                0x200002e0        0x4 CMakeFiles/hydroponic.dir/D_/student_works/~Related_Diploma~/Software_Code/pico-sdk/src/rp2_common/pico_double/double_aeabi.S.obj
 .preinit_array.00020
                0x200002e4        0x4 CMakeFiles/hydroponic.dir/D_/student_works/~Related_Diploma~/Software_Code/pico-sdk/src/rp2_common/pico_float/float_aeabi.S.obj
 *(.preinit_array)
                0x200002e8                PROVIDE (__preinit_array_end = .)
                0x200002e8                . = ALIGN (0x4)
                0x200002e8                PROVIDE (__init_array_start = .)
 *(SORT_BY_NAME(.init_array.*))
 *(.init_array)
 .init_array    0x200002e8        0x4 d:/student_works/~related_diploma~/software_code/gcc-arm-none-eabi/bin/../lib/gcc/arm-none-eabi/10.3.1/thumb/v6-m/nofp/crtbegin.o
                0x200002ec                PROVIDE (__init_array_end = .)
                0x200002ec                . = ALIGN (0x4)
                [!provide]                PROVIDE (__fini_array_start = .)
 *(SORT_BY_NAME(.fini_array.*))
 *(.fini_array)
                [!provide]                PROVIDE (__fini_array_end = .)
 *(.jcr)
                0x200002ec                . = ALIGN (0x4)
                0x200002ec                __data_end__ = .
                0x100053fc                __etext = LOADADDR (.data)

.igot.plt       0x200002ec        0x0 load address 0x10005628
 .igot.plt      0x200002ec        0x0 d:/student_works/~related_diploma~/software_code/gcc-arm-none-eabi/bin/../lib/gcc/arm-none-eabi/10.3.1/thumb/v6-m/nofp/crtbegin.o

.uninitialized_data
                0x200002ec        0x0 load address 0x10005628
                0x200002ec                . = ALIGN (0x4)
 *(.uninitialized_data*)

.scratch_x      0x20040000        0x0 load address 0x10005628
                0x20040000                __scratch_x_start__ = .
 *(.scratch_x.*)
                0x20040000                . = ALIGN (0x4)
                0x20040000                __scratch_x_end__ = .
                0x10005628                __scratch_x_source__ = LOADADDR (.scratch_x)

.scratch_y      0x20041000        0x0 load address 0x10005628
                0x20041000                __scratch_y_start__ = .
 *(.scratch_y.*)
                0x20041000                . = ALIGN (0x4)
                0x20041000                __scratch_y_end__ = .
                0x10005628                __scratch_y_source__ = LOADADDR (.scratch_y)

.bss            0x200002f0      0x3c8
                0x200002f0                . = ALIGN (0x4)
                0x200002f0                __bss_start__ = .
 *(SORT_BY_ALIGNMENT(SORT_BY_NAME(.bss*)))
 .bss.default_alarm_pool_entries
                0x200002f0      0x100 CMakeFiles/hydroponic.dir/D_/student_works/~Related_Diploma~/Software_Code/pico-sdk/src/common/pico_time/time.c.obj
 .bss           0x200003f0       0x1c d:/student_works/~related_diploma~/software_code/gcc-arm-none-eabi/bin/../lib/gcc/arm-none-eabi/10.3.1/thumb/v6-m/nofp/crtbegin.o
 .bss.alarm_callbacks
                0x2000040c       0x10 CMakeFiles/hydroponic.dir/D_/student_works/~Related_Diploma~/Software_Code/pico-sdk/src/rp2_common/hardware_timer/timer.c.obj
 .bss.configured_freq
                0x2000041c       0x28 CMakeFiles/hydroponic.dir/D_/student_works/~Related_Diploma~/Software_Code/pico-sdk/src/rp2_common/hardware_clocks/clocks.c.obj
 .bss.default_alarm_pool_entry_ids_high
                0x20000444       0x10 CMakeFiles/hydroponic.dir/D_/student_works/~Related_Diploma~/Software_Code/pico-sdk/src/common/pico_time/time.c.obj
 .bss.default_alarm_pool_heap_nodes
                0x20000454       0x30 CMakeFiles/hydroponic.dir/D_/student_works/~Related_Diploma~/Software_Code/pico-sdk/src/common/pico_time/time.c.obj
 .bss.drivers   0x20000484        0x4 CMakeFiles/hydroponic.dir/D_/student_works/~Related_Diploma~/Software_Code/pico-sdk/src/rp2_common/pico_stdio/stdio.c.obj
 .bss.filter    0x20000488        0x4 CMakeFiles/hydroponic.dir/D_/student_works/~Related_Diploma~/Software_Code/pico-sdk/src/rp2_common/pico_stdio/stdio.c.obj
 .bss.pools     0x2000048c       0x10 CMakeFiles/hydroponic.dir/D_/student_works/~Related_Diploma~/Software_Code/pico-sdk/src/common/pico_time/time.c.obj
 .bss.sd_table  0x2000049c      0x100 CMakeFiles/hydroponic.dir/D_/student_works/~Related_Diploma~/Software_Code/pico-sdk/src/rp2_common/pico_double/double_init_rom.c.obj
                0x2000049c                sd_table
 .bss.sf_clz_func
                0x2000059c        0x4 CMakeFiles/hydroponic.dir/D_/student_works/~Related_Diploma~/Software_Code/pico-sdk/src/rp2_common/pico_double/double_init_rom.c.obj
                0x2000059c                sf_clz_func
 .bss.sf_table  0x200005a0      0x100 CMakeFiles/hydroponic.dir/D_/student_works/~Related_Diploma~/Software_Code/pico-sdk/src/rp2_common/pico_float/float_init_rom.c.obj
                0x200005a0                sf_table
 .bss.sleep_notifier
                0x200006a0        0x4 CMakeFiles/hydroponic.dir/D_/student_works/~Related_Diploma~/Software_Code/pico-sdk/src/common/pico_time/time.c.obj
 .bss.target_hi
                0x200006a4       0x10 CMakeFiles/hydroponic.dir/D_/student_works/~Related_Diploma~/Software_Code/pico-sdk/src/rp2_common/hardware_timer/timer.c.obj
 .bss.claimed   0x200006b4        0x1 CMakeFiles/hydroponic.dir/D_/student_works/~Related_Diploma~/Software_Code/pico-sdk/src/rp2_common/hardware_timer/timer.c.obj
 .bss.irq_hander_chain_free_slot_head
                0x200006b5        0x1 CMakeFiles/hydroponic.dir/D_/student_works/~Related_Diploma~/Software_Code/pico-sdk/src/rp2_common/hardware_irq/irq.c.obj
 .bss.timer_callbacks_pending
                0x200006b6        0x1 CMakeFiles/hydroponic.dir/D_/student_works/~Related_Diploma~/Software_Code/pico-sdk/src/rp2_common/hardware_timer/timer.c.obj
 *(COMMON)
                0x200006b8                . = ALIGN (0x4)
 *fill*         0x200006b7        0x1 
                0x200006b8                __bss_end__ = .

.heap           0x200006b8      0x800
                0x200006b8                __end__ = .
                0x200006b8                end = __end__
 *(.heap*)
 .heap          0x200006b8      0x800 CMakeFiles/hydroponic.dir/D_/student_works/~Related_Diploma~/Software_Code/pico-sdk/src/rp2_common/pico_standard_link/crt0.S.obj
                0x20000eb8                __HeapLimit = .

.stack1_dummy   0x20040000        0x0
 *(.stack1*)

.stack_dummy    0x20041000      0x800
 *(.stack*)
 .stack         0x20041000      0x800 CMakeFiles/hydroponic.dir/D_/student_works/~Related_Diploma~/Software_Code/pico-sdk/src/rp2_common/pico_standard_link/crt0.S.obj

.flash_end      0x10005628        0x0
                0x10005628                PROVIDE (__flash_binary_end = .)
                0x20040000                __StackLimit = (ORIGIN (RAM) + LENGTH (RAM))
                0x20041000                __StackOneTop = (ORIGIN (SCRATCH_X) + LENGTH (SCRATCH_X))
                0x20042000                __StackTop = (ORIGIN (SCRATCH_Y) + LENGTH (SCRATCH_Y))
                0x20041000                __StackOneBottom = (__StackOneTop - SIZEOF (.stack1_dummy))
                0x20041800                __StackBottom = (__StackTop - SIZEOF (.stack_dummy))
                0x20042000                PROVIDE (__stack = __StackTop)
                0x00000001                ASSERT ((__StackLimit >= __HeapLimit), region RAM overflowed)
                0x00000001                ASSERT (((__binary_info_header_end - __logical_binary_start) <= 0x100), Binary info must be in first 256 bytes of the binary)
LOAD CMakeFiles/hydroponic.dir/code/main.c.obj
LOAD CMakeFiles/hydroponic.dir/code/hardware/pump/pump_handler.c.obj
LOAD CMakeFiles/hydroponic.dir/code/hardware/button/button_handler.c.obj
LOAD CMakeFiles/hydroponic.dir/D_/student_works/~Related_Diploma~/Software_Code/pico-sdk/src/rp2_common/pico_stdlib/stdlib.c.obj
LOAD CMakeFiles/hydroponic.dir/D_/student_works/~Related_Diploma~/Software_Code/pico-sdk/src/rp2_common/hardware_gpio/gpio.c.obj
LOAD CMakeFiles/hydroponic.dir/D_/student_works/~Related_Diploma~/Software_Code/pico-sdk/src/rp2_common/pico_platform/platform.c.obj
LOAD CMakeFiles/hydroponic.dir/D_/student_works/~Related_Diploma~/Software_Code/pico-sdk/src/rp2_common/hardware_claim/claim.c.obj
LOAD CMakeFiles/hydroponic.dir/D_/student_works/~Related_Diploma~/Software_Code/pico-sdk/src/rp2_common/hardware_sync/sync.c.obj
LOAD CMakeFiles/hydroponic.dir/D_/student_works/~Related_Diploma~/Software_Code/pico-sdk/src/rp2_common/hardware_irq/irq.c.obj
LOAD CMakeFiles/hydroponic.dir/D_/student_works/~Related_Diploma~/Software_Code/pico-sdk/src/rp2_common/hardware_irq/irq_handler_chain.S.obj
LOAD CMakeFiles/hydroponic.dir/D_/student_works/~Related_Diploma~/Software_Code/pico-sdk/src/common/pico_sync/sem.c.obj
LOAD CMakeFiles/hydroponic.dir/D_/student_works/~Related_Diploma~/Software_Code/pico-sdk/src/common/pico_sync/lock_core.c.obj
LOAD CMakeFiles/hydroponic.dir/D_/student_works/~Related_Diploma~/Software_Code/pico-sdk/src/common/pico_sync/mutex.c.obj
LOAD CMakeFiles/hydroponic.dir/D_/student_works/~Related_Diploma~/Software_Code/pico-sdk/src/common/pico_sync/critical_section.c.obj
LOAD CMakeFiles/hydroponic.dir/D_/student_works/~Related_Diploma~/Software_Code/pico-sdk/src/common/pico_time/time.c.obj
LOAD CMakeFiles/hydroponic.dir/D_/student_works/~Related_Diploma~/Software_Code/pico-sdk/src/common/pico_time/timeout_helper.c.obj
LOAD CMakeFiles/hydroponic.dir/D_/student_works/~Related_Diploma~/Software_Code/pico-sdk/src/rp2_common/hardware_timer/timer.c.obj
LOAD CMakeFiles/hydroponic.dir/D_/student_works/~Related_Diploma~/Software_Code/pico-sdk/src/common/pico_util/datetime.c.obj
LOAD CMakeFiles/hydroponic.dir/D_/student_works/~Related_Diploma~/Software_Code/pico-sdk/src/common/pico_util/pheap.c.obj
LOAD CMakeFiles/hydroponic.dir/D_/student_works/~Related_Diploma~/Software_Code/pico-sdk/src/common/pico_util/queue.c.obj
LOAD CMakeFiles/hydroponic.dir/D_/student_works/~Related_Diploma~/Software_Code/pico-sdk/src/rp2_common/hardware_uart/uart.c.obj
LOAD CMakeFiles/hydroponic.dir/D_/student_works/~Related_Diploma~/Software_Code/pico-sdk/src/rp2_common/hardware_clocks/clocks.c.obj
LOAD CMakeFiles/hydroponic.dir/D_/student_works/~Related_Diploma~/Software_Code/pico-sdk/src/rp2_common/hardware_pll/pll.c.obj
LOAD CMakeFiles/hydroponic.dir/D_/student_works/~Related_Diploma~/Software_Code/pico-sdk/src/rp2_common/hardware_vreg/vreg.c.obj
LOAD CMakeFiles/hydroponic.dir/D_/student_works/~Related_Diploma~/Software_Code/pico-sdk/src/rp2_common/hardware_watchdog/watchdog.c.obj
LOAD CMakeFiles/hydroponic.dir/D_/student_works/~Related_Diploma~/Software_Code/pico-sdk/src/rp2_common/hardware_xosc/xosc.c.obj
LOAD CMakeFiles/hydroponic.dir/D_/student_works/~Related_Diploma~/Software_Code/pico-sdk/src/rp2_common/hardware_divider/divider.S.obj
LOAD CMakeFiles/hydroponic.dir/D_/student_works/~Related_Diploma~/Software_Code/pico-sdk/src/rp2_common/pico_runtime/runtime.c.obj
LOAD CMakeFiles/hydroponic.dir/D_/student_works/~Related_Diploma~/Software_Code/pico-sdk/src/rp2_common/pico_printf/printf.c.obj
LOAD CMakeFiles/hydroponic.dir/D_/student_works/~Related_Diploma~/Software_Code/pico-sdk/src/rp2_common/pico_bit_ops/bit_ops_aeabi.S.obj
LOAD CMakeFiles/hydroponic.dir/D_/student_works/~Related_Diploma~/Software_Code/pico-sdk/src/rp2_common/pico_bootrom/bootrom.c.obj
LOAD CMakeFiles/hydroponic.dir/D_/student_works/~Related_Diploma~/Software_Code/pico-sdk/src/rp2_common/pico_divider/divider.S.obj
LOAD CMakeFiles/hydroponic.dir/D_/student_works/~Related_Diploma~/Software_Code/pico-sdk/src/rp2_common/pico_double/double_aeabi.S.obj
LOAD CMakeFiles/hydroponic.dir/D_/student_works/~Related_Diploma~/Software_Code/pico-sdk/src/rp2_common/pico_double/double_init_rom.c.obj
LOAD CMakeFiles/hydroponic.dir/D_/student_works/~Related_Diploma~/Software_Code/pico-sdk/src/rp2_common/pico_double/double_math.c.obj
LOAD CMakeFiles/hydroponic.dir/D_/student_works/~Related_Diploma~/Software_Code/pico-sdk/src/rp2_common/pico_double/double_v1_rom_shim.S.obj
LOAD CMakeFiles/hydroponic.dir/D_/student_works/~Related_Diploma~/Software_Code/pico-sdk/src/rp2_common/pico_int64_ops/pico_int64_ops_aeabi.S.obj
LOAD CMakeFiles/hydroponic.dir/D_/student_works/~Related_Diploma~/Software_Code/pico-sdk/src/rp2_common/pico_float/float_aeabi.S.obj
LOAD CMakeFiles/hydroponic.dir/D_/student_works/~Related_Diploma~/Software_Code/pico-sdk/src/rp2_common/pico_float/float_init_rom.c.obj
LOAD CMakeFiles/hydroponic.dir/D_/student_works/~Related_Diploma~/Software_Code/pico-sdk/src/rp2_common/pico_float/float_math.c.obj
LOAD CMakeFiles/hydroponic.dir/D_/student_works/~Related_Diploma~/Software_Code/pico-sdk/src/rp2_common/pico_float/float_v1_rom_shim.S.obj
LOAD CMakeFiles/hydroponic.dir/D_/student_works/~Related_Diploma~/Software_Code/pico-sdk/src/rp2_common/pico_malloc/pico_malloc.c.obj
LOAD CMakeFiles/hydroponic.dir/D_/student_works/~Related_Diploma~/Software_Code/pico-sdk/src/rp2_common/pico_mem_ops/mem_ops_aeabi.S.obj
LOAD CMakeFiles/hydroponic.dir/D_/student_works/~Related_Diploma~/Software_Code/pico-sdk/src/rp2_common/pico_standard_link/crt0.S.obj
LOAD CMakeFiles/hydroponic.dir/D_/student_works/~Related_Diploma~/Software_Code/pico-sdk/src/rp2_common/pico_standard_link/new_delete.cpp.obj
LOAD CMakeFiles/hydroponic.dir/D_/student_works/~Related_Diploma~/Software_Code/pico-sdk/src/rp2_common/pico_standard_link/binary_info.c.obj
LOAD CMakeFiles/hydroponic.dir/D_/student_works/~Related_Diploma~/Software_Code/pico-sdk/src/rp2_common/pico_stdio/stdio.c.obj
LOAD CMakeFiles/hydroponic.dir/D_/student_works/~Related_Diploma~/Software_Code/pico-sdk/src/rp2_common/pico_stdio_uart/stdio_uart.c.obj
LOAD C:\Users\ctrai\AppData\Local\Temp\ccS5Mppn.o
LOAD d:/student_works/~related_diploma~/software_code/gcc-arm-none-eabi/bin/../lib/gcc/arm-none-eabi/10.3.1/../../../../arm-none-eabi/lib/thumb/v6-m/nofp\libstdc++.a
LOAD d:/student_works/~related_diploma~/software_code/gcc-arm-none-eabi/bin/../lib/gcc/arm-none-eabi/10.3.1/../../../../arm-none-eabi/lib/thumb/v6-m/nofp\libm.a
START GROUP
LOAD d:/student_works/~related_diploma~/software_code/gcc-arm-none-eabi/bin/../lib/gcc/arm-none-eabi/10.3.1/thumb/v6-m/nofp\libgcc.a
LOAD d:/student_works/~related_diploma~/software_code/gcc-arm-none-eabi/bin/../lib/gcc/arm-none-eabi/10.3.1/../../../../arm-none-eabi/lib/thumb/v6-m/nofp\libg.a
LOAD d:/student_works/~related_diploma~/software_code/gcc-arm-none-eabi/bin/../lib/gcc/arm-none-eabi/10.3.1/../../../../arm-none-eabi/lib/thumb/v6-m/nofp\libc.a
END GROUP
START GROUP
LOAD d:/student_works/~related_diploma~/software_code/gcc-arm-none-eabi/bin/../lib/gcc/arm-none-eabi/10.3.1/thumb/v6-m/nofp\libgcc.a
LOAD d:/student_works/~related_diploma~/software_code/gcc-arm-none-eabi/bin/../lib/gcc/arm-none-eabi/10.3.1/../../../../arm-none-eabi/lib/thumb/v6-m/nofp\libc.a
LOAD d:/student_works/~related_diploma~/software_code/gcc-arm-none-eabi/bin/../lib/gcc/arm-none-eabi/10.3.1/../../../../arm-none-eabi/lib/thumb/v6-m/nofp\libnosys.a
END GROUP
LOAD d:/student_works/~related_diploma~/software_code/gcc-arm-none-eabi/bin/../lib/gcc/arm-none-eabi/10.3.1/thumb/v6-m/nofp/crtend.o
LOAD d:/student_works/~related_diploma~/software_code/gcc-arm-none-eabi/bin/../lib/gcc/arm-none-eabi/10.3.1/thumb/v6-m/nofp/crtn.o
OUTPUT(hydroponic.elf elf32-littlearm)
LOAD linker stubs

.ARM.attributes
                0x00000000       0x28
 .ARM.attributes
                0x00000000       0x1e d:/student_works/~related_diploma~/software_code/gcc-arm-none-eabi/bin/../lib/gcc/arm-none-eabi/10.3.1/thumb/v6-m/nofp/crti.o
 .ARM.attributes
                0x0000001e       0x2c d:/student_works/~related_diploma~/software_code/gcc-arm-none-eabi/bin/../lib/gcc/arm-none-eabi/10.3.1/thumb/v6-m/nofp/crtbegin.o
 .ARM.attributes
                0x0000004a       0x2c CMakeFiles/hydroponic.dir/code/main.c.obj
 .ARM.attributes
                0x00000076       0x2c CMakeFiles/hydroponic.dir/code/hardware/pump/pump_handler.c.obj
 .ARM.attributes
                0x000000a2       0x2c CMakeFiles/hydroponic.dir/code/hardware/button/button_handler.c.obj
 .ARM.attributes
                0x000000ce       0x2c CMakeFiles/hydroponic.dir/D_/student_works/~Related_Diploma~/Software_Code/pico-sdk/src/rp2_common/hardware_gpio/gpio.c.obj
 .ARM.attributes
                0x000000fa       0x2c CMakeFiles/hydroponic.dir/D_/student_works/~Related_Diploma~/Software_Code/pico-sdk/src/rp2_common/pico_platform/platform.c.obj
 .ARM.attributes
                0x00000126       0x2c CMakeFiles/hydroponic.dir/D_/student_works/~Related_Diploma~/Software_Code/pico-sdk/src/rp2_common/hardware_claim/claim.c.obj
 .ARM.attributes
                0x00000152       0x2c CMakeFiles/hydroponic.dir/D_/student_works/~Related_Diploma~/Software_Code/pico-sdk/src/rp2_common/hardware_sync/sync.c.obj
 .ARM.attributes
                0x0000017e       0x2c CMakeFiles/hydroponic.dir/D_/student_works/~Related_Diploma~/Software_Code/pico-sdk/src/rp2_common/hardware_irq/irq.c.obj
 .ARM.attributes
                0x000001aa       0x22 CMakeFiles/hydroponic.dir/D_/student_works/~Related_Diploma~/Software_Code/pico-sdk/src/rp2_common/hardware_irq/irq_handler_chain.S.obj
 .ARM.attributes
                0x000001cc       0x2c CMakeFiles/hydroponic.dir/D_/student_works/~Related_Diploma~/Software_Code/pico-sdk/src/common/pico_sync/lock_core.c.obj
 .ARM.attributes
                0x000001f8       0x2c CMakeFiles/hydroponic.dir/D_/student_works/~Related_Diploma~/Software_Code/pico-sdk/src/common/pico_sync/mutex.c.obj
 .ARM.attributes
                0x00000224       0x2c CMakeFiles/hydroponic.dir/D_/student_works/~Related_Diploma~/Software_Code/pico-sdk/src/common/pico_time/time.c.obj
 .ARM.attributes
                0x00000250       0x2c CMakeFiles/hydroponic.dir/D_/student_works/~Related_Diploma~/Software_Code/pico-sdk/src/rp2_common/hardware_timer/timer.c.obj
 .ARM.attributes
                0x0000027c       0x2c CMakeFiles/hydroponic.dir/D_/student_works/~Related_Diploma~/Software_Code/pico-sdk/src/common/pico_util/pheap.c.obj
 .ARM.attributes
                0x000002a8       0x2c CMakeFiles/hydroponic.dir/D_/student_works/~Related_Diploma~/Software_Code/pico-sdk/src/rp2_common/hardware_clocks/clocks.c.obj
 .ARM.attributes
                0x000002d4       0x2c CMakeFiles/hydroponic.dir/D_/student_works/~Related_Diploma~/Software_Code/pico-sdk/src/rp2_common/hardware_pll/pll.c.obj
 .ARM.attributes
                0x00000300       0x2c CMakeFiles/hydroponic.dir/D_/student_works/~Related_Diploma~/Software_Code/pico-sdk/src/rp2_common/hardware_watchdog/watchdog.c.obj
 .ARM.attributes
                0x0000032c       0x2c CMakeFiles/hydroponic.dir/D_/student_works/~Related_Diploma~/Software_Code/pico-sdk/src/rp2_common/hardware_xosc/xosc.c.obj
 .ARM.attributes
                0x00000358       0x2c CMakeFiles/hydroponic.dir/D_/student_works/~Related_Diploma~/Software_Code/pico-sdk/src/rp2_common/pico_runtime/runtime.c.obj
 .ARM.attributes
                0x00000384       0x2c CMakeFiles/hydroponic.dir/D_/student_works/~Related_Diploma~/Software_Code/pico-sdk/src/rp2_common/pico_printf/printf.c.obj
 .ARM.attributes
                0x000003b0       0x22 CMakeFiles/hydroponic.dir/D_/student_works/~Related_Diploma~/Software_Code/pico-sdk/src/rp2_common/pico_bit_ops/bit_ops_aeabi.S.obj
 .ARM.attributes
                0x000003d2       0x2c CMakeFiles/hydroponic.dir/D_/student_works/~Related_Diploma~/Software_Code/pico-sdk/src/rp2_common/pico_bootrom/bootrom.c.obj
 .ARM.attributes
                0x000003fe       0x22 CMakeFiles/hydroponic.dir/D_/student_works/~Related_Diploma~/Software_Code/pico-sdk/src/rp2_common/pico_divider/divider.S.obj
 .ARM.attributes
                0x00000420       0x22 CMakeFiles/hydroponic.dir/D_/student_works/~Related_Diploma~/Software_Code/pico-sdk/src/rp2_common/pico_double/double_aeabi.S.obj
 .ARM.attributes
                0x00000442       0x2c CMakeFiles/hydroponic.dir/D_/student_works/~Related_Diploma~/Software_Code/pico-sdk/src/rp2_common/pico_double/double_init_rom.c.obj
 .ARM.attributes
                0x0000046e       0x22 CMakeFiles/hydroponic.dir/D_/student_works/~Related_Diploma~/Software_Code/pico-sdk/src/rp2_common/pico_double/double_v1_rom_shim.S.obj
 .ARM.attributes
                0x00000490       0x22 CMakeFiles/hydroponic.dir/D_/student_works/~Related_Diploma~/Software_Code/pico-sdk/src/rp2_common/pico_int64_ops/pico_int64_ops_aeabi.S.obj
 .ARM.attributes
                0x000004b2       0x22 CMakeFiles/hydroponic.dir/D_/student_works/~Related_Diploma~/Software_Code/pico-sdk/src/rp2_common/pico_float/float_aeabi.S.obj
 .ARM.attributes
                0x000004d4       0x2c CMakeFiles/hydroponic.dir/D_/student_works/~Related_Diploma~/Software_Code/pico-sdk/src/rp2_common/pico_float/float_init_rom.c.obj
 .ARM.attributes
                0x00000500       0x22 CMakeFiles/hydroponic.dir/D_/student_works/~Related_Diploma~/Software_Code/pico-sdk/src/rp2_common/pico_float/float_v1_rom_shim.S.obj
 .ARM.attributes
                0x00000522       0x22 CMakeFiles/hydroponic.dir/D_/student_works/~Related_Diploma~/Software_Code/pico-sdk/src/rp2_common/pico_mem_ops/mem_ops_aeabi.S.obj
 .ARM.attributes
                0x00000544       0x22 CMakeFiles/hydroponic.dir/D_/student_works/~Related_Diploma~/Software_Code/pico-sdk/src/rp2_common/pico_standard_link/crt0.S.obj
 .ARM.attributes
                0x00000566       0x2c CMakeFiles/hydroponic.dir/D_/student_works/~Related_Diploma~/Software_Code/pico-sdk/src/rp2_common/pico_standard_link/binary_info.c.obj
 .ARM.attributes
                0x00000592       0x2c CMakeFiles/hydroponic.dir/D_/student_works/~Related_Diploma~/Software_Code/pico-sdk/src/rp2_common/pico_stdio/stdio.c.obj
 .ARM.attributes
                0x000005be       0x22 C:\Users\ctrai\AppData\Local\Temp\ccS5Mppn.o
 .ARM.attributes
                0x000005e0       0x1e d:/student_works/~related_diploma~/software_code/gcc-arm-none-eabi/bin/../lib/gcc/arm-none-eabi/10.3.1/thumb/v6-m/nofp\libgcc.a(_dvmd_tls.o)
 .ARM.attributes
                0x000005fe       0x2c d:/student_works/~related_diploma~/software_code/gcc-arm-none-eabi/bin/../lib/gcc/arm-none-eabi/10.3.1/../../../../arm-none-eabi/lib/thumb/v6-m/nofp\libg.a(lib_a-strlen-stub.o)

.comment        0x00000000       0x49
 .comment       0x00000000       0x49 CMakeFiles/hydroponic.dir/code/main.c.obj
                                 0x4a (size before relaxing)
 .comment       0x00000049       0x4a CMakeFiles/hydroponic.dir/code/hardware/pump/pump_handler.c.obj
 .comment       0x00000049       0x4a CMakeFiles/hydroponic.dir/code/hardware/button/button_handler.c.obj
 .comment       0x00000049       0x4a CMakeFiles/hydroponic.dir/D_/student_works/~Related_Diploma~/Software_Code/pico-sdk/src/rp2_common/hardware_gpio/gpio.c.obj
 .comment       0x00000049       0x4a CMakeFiles/hydroponic.dir/D_/student_works/~Related_Diploma~/Software_Code/pico-sdk/src/rp2_common/pico_platform/platform.c.obj
 .comment       0x00000049       0x4a CMakeFiles/hydroponic.dir/D_/student_works/~Related_Diploma~/Software_Code/pico-sdk/src/rp2_common/hardware_claim/claim.c.obj
 .comment       0x00000049       0x4a CMakeFiles/hydroponic.dir/D_/student_works/~Related_Diploma~/Software_Code/pico-sdk/src/rp2_common/hardware_sync/sync.c.obj
 .comment       0x00000049       0x4a CMakeFiles/hydroponic.dir/D_/student_works/~Related_Diploma~/Software_Code/pico-sdk/src/rp2_common/hardware_irq/irq.c.obj
 .comment       0x00000049       0x4a CMakeFiles/hydroponic.dir/D_/student_works/~Related_Diploma~/Software_Code/pico-sdk/src/common/pico_sync/lock_core.c.obj
 .comment       0x00000049       0x4a CMakeFiles/hydroponic.dir/D_/student_works/~Related_Diploma~/Software_Code/pico-sdk/src/common/pico_sync/mutex.c.obj
 .comment       0x00000049       0x4a CMakeFiles/hydroponic.dir/D_/student_works/~Related_Diploma~/Software_Code/pico-sdk/src/common/pico_time/time.c.obj
 .comment       0x00000049       0x4a CMakeFiles/hydroponic.dir/D_/student_works/~Related_Diploma~/Software_Code/pico-sdk/src/rp2_common/hardware_timer/timer.c.obj
 .comment       0x00000049       0x4a CMakeFiles/hydroponic.dir/D_/student_works/~Related_Diploma~/Software_Code/pico-sdk/src/common/pico_util/pheap.c.obj
 .comment       0x00000049       0x4a CMakeFiles/hydroponic.dir/D_/student_works/~Related_Diploma~/Software_Code/pico-sdk/src/rp2_common/hardware_clocks/clocks.c.obj
 .comment       0x00000049       0x4a CMakeFiles/hydroponic.dir/D_/student_works/~Related_Diploma~/Software_Code/pico-sdk/src/rp2_common/hardware_pll/pll.c.obj
 .comment       0x00000049       0x4a CMakeFiles/hydroponic.dir/D_/student_works/~Related_Diploma~/Software_Code/pico-sdk/src/rp2_common/hardware_watchdog/watchdog.c.obj
 .comment       0x00000049       0x4a CMakeFiles/hydroponic.dir/D_/student_works/~Related_Diploma~/Software_Code/pico-sdk/src/rp2_common/hardware_xosc/xosc.c.obj
 .comment       0x00000049       0x4a CMakeFiles/hydroponic.dir/D_/student_works/~Related_Diploma~/Software_Code/pico-sdk/src/rp2_common/pico_runtime/runtime.c.obj
 .comment       0x00000049       0x4a CMakeFiles/hydroponic.dir/D_/student_works/~Related_Diploma~/Software_Code/pico-sdk/src/rp2_common/pico_printf/printf.c.obj
 .comment       0x00000049       0x4a CMakeFiles/hydroponic.dir/D_/student_works/~Related_Diploma~/Software_Code/pico-sdk/src/rp2_common/pico_bootrom/bootrom.c.obj
 .comment       0x00000049       0x4a CMakeFiles/hydroponic.dir/D_/student_works/~Related_Diploma~/Software_Code/pico-sdk/src/rp2_common/pico_double/double_init_rom.c.obj
 .comment       0x00000049       0x4a CMakeFiles/hydroponic.dir/D_/student_works/~Related_Diploma~/Software_Code/pico-sdk/src/rp2_common/pico_float/float_init_rom.c.obj
 .comment       0x00000049       0x4a CMakeFiles/hydroponic.dir/D_/student_works/~Related_Diploma~/Software_Code/pico-sdk/src/rp2_common/pico_standard_link/binary_info.c.obj
 .comment       0x00000049       0x4a CMakeFiles/hydroponic.dir/D_/student_works/~Related_Diploma~/Software_Code/pico-sdk/src/rp2_common/pico_stdio/stdio.c.obj

.debug_info     0x00000000    0x142b1
 .debug_info    0x00000000      0x1a7 CMakeFiles/hydroponic.dir/code/main.c.obj
 .debug_info    0x000001a7      0x509 CMakeFiles/hydroponic.dir/code/hardware/pump/pump_handler.c.obj
 .debug_info    0x000006b0      0x4b8 CMakeFiles/hydroponic.dir/code/hardware/button/button_handler.c.obj
 .debug_info    0x00000b68     0x187e CMakeFiles/hydroponic.dir/D_/student_works/~Related_Diploma~/Software_Code/pico-sdk/src/rp2_common/hardware_gpio/gpio.c.obj
 .debug_info    0x000023e6      0x1e3 CMakeFiles/hydroponic.dir/D_/student_works/~Related_Diploma~/Software_Code/pico-sdk/src/rp2_common/pico_platform/platform.c.obj
 .debug_info    0x000025c9      0x6be CMakeFiles/hydroponic.dir/D_/student_works/~Related_Diploma~/Software_Code/pico-sdk/src/rp2_common/hardware_claim/claim.c.obj
 .debug_info    0x00002c87      0x58e CMakeFiles/hydroponic.dir/D_/student_works/~Related_Diploma~/Software_Code/pico-sdk/src/rp2_common/hardware_sync/sync.c.obj
 .debug_info    0x00003215     0x1c9e CMakeFiles/hydroponic.dir/D_/student_works/~Related_Diploma~/Software_Code/pico-sdk/src/rp2_common/hardware_irq/irq.c.obj
 .debug_info    0x00004eb3      0x1a4 CMakeFiles/hydroponic.dir/D_/student_works/~Related_Diploma~/Software_Code/pico-sdk/src/common/pico_sync/lock_core.c.obj
 .debug_info    0x00005057     0x20d5 CMakeFiles/hydroponic.dir/D_/student_works/~Related_Diploma~/Software_Code/pico-sdk/src/common/pico_sync/mutex.c.obj
 .debug_info    0x0000712c     0x4068 CMakeFiles/hydroponic.dir/D_/student_works/~Related_Diploma~/Software_Code/pico-sdk/src/common/pico_time/time.c.obj
 .debug_info    0x0000b194     0x13f0 CMakeFiles/hydroponic.dir/D_/student_works/~Related_Diploma~/Software_Code/pico-sdk/src/rp2_common/hardware_timer/timer.c.obj
 .debug_info    0x0000c584     0x123b CMakeFiles/hydroponic.dir/D_/student_works/~Related_Diploma~/Software_Code/pico-sdk/src/common/pico_util/pheap.c.obj
 .debug_info    0x0000d7bf      0xfcf CMakeFiles/hydroponic.dir/D_/student_works/~Related_Diploma~/Software_Code/pico-sdk/src/rp2_common/hardware_clocks/clocks.c.obj
 .debug_info    0x0000e78e      0x51b CMakeFiles/hydroponic.dir/D_/student_works/~Related_Diploma~/Software_Code/pico-sdk/src/rp2_common/hardware_pll/pll.c.obj
 .debug_info    0x0000eca9      0x4ee CMakeFiles/hydroponic.dir/D_/student_works/~Related_Diploma~/Software_Code/pico-sdk/src/rp2_common/hardware_watchdog/watchdog.c.obj
 .debug_info    0x0000f197      0x1d8 CMakeFiles/hydroponic.dir/D_/student_works/~Related_Diploma~/Software_Code/pico-sdk/src/rp2_common/hardware_xosc/xosc.c.obj
 .debug_info    0x0000f36f     0x1053 CMakeFiles/hydroponic.dir/D_/student_works/~Related_Diploma~/Software_Code/pico-sdk/src/rp2_common/pico_runtime/runtime.c.obj
 .debug_info    0x000103c2     0x1a5f CMakeFiles/hydroponic.dir/D_/student_works/~Related_Diploma~/Software_Code/pico-sdk/src/rp2_common/pico_printf/printf.c.obj
 .debug_info    0x00011e21       0x22 CMakeFiles/hydroponic.dir/D_/student_works/~Related_Diploma~/Software_Code/pico-sdk/src/rp2_common/pico_bit_ops/bit_ops_aeabi.S.obj
 .debug_info    0x00011e43      0x27c CMakeFiles/hydroponic.dir/D_/student_works/~Related_Diploma~/Software_Code/pico-sdk/src/rp2_common/pico_bootrom/bootrom.c.obj
 .debug_info    0x000120bf       0x22 CMakeFiles/hydroponic.dir/D_/student_works/~Related_Diploma~/Software_Code/pico-sdk/src/rp2_common/pico_divider/divider.S.obj
 .debug_info    0x000120e1       0x22 CMakeFiles/hydroponic.dir/D_/student_works/~Related_Diploma~/Software_Code/pico-sdk/src/rp2_common/pico_double/double_aeabi.S.obj
 .debug_info    0x00012103      0x2d1 CMakeFiles/hydroponic.dir/D_/student_works/~Related_Diploma~/Software_Code/pico-sdk/src/rp2_common/pico_double/double_init_rom.c.obj
 .debug_info    0x000123d4       0x22 CMakeFiles/hydroponic.dir/D_/student_works/~Related_Diploma~/Software_Code/pico-sdk/src/rp2_common/pico_double/double_v1_rom_shim.S.obj
 .debug_info    0x000123f6       0x26 CMakeFiles/hydroponic.dir/D_/student_works/~Related_Diploma~/Software_Code/pico-sdk/src/rp2_common/pico_int64_ops/pico_int64_ops_aeabi.S.obj
 .debug_info    0x0001241c       0x22 CMakeFiles/hydroponic.dir/D_/student_works/~Related_Diploma~/Software_Code/pico-sdk/src/rp2_common/pico_float/float_aeabi.S.obj
 .debug_info    0x0001243e      0x2eb CMakeFiles/hydroponic.dir/D_/student_works/~Related_Diploma~/Software_Code/pico-sdk/src/rp2_common/pico_float/float_init_rom.c.obj
 .debug_info    0x00012729       0x22 CMakeFiles/hydroponic.dir/D_/student_works/~Related_Diploma~/Software_Code/pico-sdk/src/rp2_common/pico_float/float_v1_rom_shim.S.obj
 .debug_info    0x0001274b       0x22 CMakeFiles/hydroponic.dir/D_/student_works/~Related_Diploma~/Software_Code/pico-sdk/src/rp2_common/pico_mem_ops/mem_ops_aeabi.S.obj
 .debug_info    0x0001276d       0x22 CMakeFiles/hydroponic.dir/D_/student_works/~Related_Diploma~/Software_Code/pico-sdk/src/rp2_common/pico_standard_link/crt0.S.obj
 .debug_info    0x0001278f      0x2fb CMakeFiles/hydroponic.dir/D_/student_works/~Related_Diploma~/Software_Code/pico-sdk/src/rp2_common/pico_standard_link/binary_info.c.obj
 .debug_info    0x00012a8a     0x1827 CMakeFiles/hydroponic.dir/D_/student_works/~Related_Diploma~/Software_Code/pico-sdk/src/rp2_common/pico_stdio/stdio.c.obj

.debug_abbrev   0x00000000     0x3de4
 .debug_abbrev  0x00000000       0xb6 CMakeFiles/hydroponic.dir/code/main.c.obj
 .debug_abbrev  0x000000b6      0x1c5 CMakeFiles/hydroponic.dir/code/hardware/pump/pump_handler.c.obj
 .debug_abbrev  0x0000027b      0x1c6 CMakeFiles/hydroponic.dir/code/hardware/button/button_handler.c.obj
 .debug_abbrev  0x00000441      0x379 CMakeFiles/hydroponic.dir/D_/student_works/~Related_Diploma~/Software_Code/pico-sdk/src/rp2_common/hardware_gpio/gpio.c.obj
 .debug_abbrev  0x000007ba       0xeb CMakeFiles/hydroponic.dir/D_/student_works/~Related_Diploma~/Software_Code/pico-sdk/src/rp2_common/pico_platform/platform.c.obj
 .debug_abbrev  0x000008a5      0x2e9 CMakeFiles/hydroponic.dir/D_/student_works/~Related_Diploma~/Software_Code/pico-sdk/src/rp2_common/hardware_claim/claim.c.obj
 .debug_abbrev  0x00000b8e      0x21b CMakeFiles/hydroponic.dir/D_/student_works/~Related_Diploma~/Software_Code/pico-sdk/src/rp2_common/hardware_sync/sync.c.obj
 .debug_abbrev  0x00000da9      0x4e7 CMakeFiles/hydroponic.dir/D_/student_works/~Related_Diploma~/Software_Code/pico-sdk/src/rp2_common/hardware_irq/irq.c.obj
 .debug_abbrev  0x00001290      0x116 CMakeFiles/hydroponic.dir/D_/student_works/~Related_Diploma~/Software_Code/pico-sdk/src/common/pico_sync/lock_core.c.obj
 .debug_abbrev  0x000013a6      0x397 CMakeFiles/hydroponic.dir/D_/student_works/~Related_Diploma~/Software_Code/pico-sdk/src/common/pico_sync/mutex.c.obj
 .debug_abbrev  0x0000173d      0x571 CMakeFiles/hydroponic.dir/D_/student_works/~Related_Diploma~/Software_Code/pico-sdk/src/common/pico_time/time.c.obj
 .debug_abbrev  0x00001cae      0x3b8 CMakeFiles/hydroponic.dir/D_/student_works/~Related_Diploma~/Software_Code/pico-sdk/src/rp2_common/hardware_timer/timer.c.obj
 .debug_abbrev  0x00002066      0x297 CMakeFiles/hydroponic.dir/D_/student_works/~Related_Diploma~/Software_Code/pico-sdk/src/common/pico_util/pheap.c.obj
 .debug_abbrev  0x000022fd      0x3c7 CMakeFiles/hydroponic.dir/D_/student_works/~Related_Diploma~/Software_Code/pico-sdk/src/rp2_common/hardware_clocks/clocks.c.obj
 .debug_abbrev  0x000026c4      0x1ea CMakeFiles/hydroponic.dir/D_/student_works/~Related_Diploma~/Software_Code/pico-sdk/src/rp2_common/hardware_pll/pll.c.obj
 .debug_abbrev  0x000028ae      0x1a8 CMakeFiles/hydroponic.dir/D_/student_works/~Related_Diploma~/Software_Code/pico-sdk/src/rp2_common/hardware_watchdog/watchdog.c.obj
 .debug_abbrev  0x00002a56      0x109 CMakeFiles/hydroponic.dir/D_/student_works/~Related_Diploma~/Software_Code/pico-sdk/src/rp2_common/hardware_xosc/xosc.c.obj
 .debug_abbrev  0x00002b5f      0x4cb CMakeFiles/hydroponic.dir/D_/student_works/~Related_Diploma~/Software_Code/pico-sdk/src/rp2_common/pico_runtime/runtime.c.obj
 .debug_abbrev  0x0000302a      0x384 CMakeFiles/hydroponic.dir/D_/student_works/~Related_Diploma~/Software_Code/pico-sdk/src/rp2_common/pico_printf/printf.c.obj
 .debug_abbrev  0x000033ae       0x12 CMakeFiles/hydroponic.dir/D_/student_works/~Related_Diploma~/Software_Code/pico-sdk/src/rp2_common/pico_bit_ops/bit_ops_aeabi.S.obj
 .debug_abbrev  0x000033c0      0x13b CMakeFiles/hydroponic.dir/D_/student_works/~Related_Diploma~/Software_Code/pico-sdk/src/rp2_common/pico_bootrom/bootrom.c.obj
 .debug_abbrev  0x000034fb       0x12 CMakeFiles/hydroponic.dir/D_/student_works/~Related_Diploma~/Software_Code/pico-sdk/src/rp2_common/pico_divider/divider.S.obj
 .debug_abbrev  0x0000350d       0x12 CMakeFiles/hydroponic.dir/D_/student_works/~Related_Diploma~/Software_Code/pico-sdk/src/rp2_common/pico_double/double_aeabi.S.obj
 .debug_abbrev  0x0000351f      0x179 CMakeFiles/hydroponic.dir/D_/student_works/~Related_Diploma~/Software_Code/pico-sdk/src/rp2_common/pico_double/double_init_rom.c.obj
 .debug_abbrev  0x00003698       0x12 CMakeFiles/hydroponic.dir/D_/student_works/~Related_Diploma~/Software_Code/pico-sdk/src/rp2_common/pico_double/double_v1_rom_shim.S.obj
 .debug_abbrev  0x000036aa       0x14 CMakeFiles/hydroponic.dir/D_/student_works/~Related_Diploma~/Software_Code/pico-sdk/src/rp2_common/pico_int64_ops/pico_int64_ops_aeabi.S.obj
 .debug_abbrev  0x000036be       0x12 CMakeFiles/hydroponic.dir/D_/student_works/~Related_Diploma~/Software_Code/pico-sdk/src/rp2_common/pico_float/float_aeabi.S.obj
 .debug_abbrev  0x000036d0      0x18c CMakeFiles/hydroponic.dir/D_/student_works/~Related_Diploma~/Software_Code/pico-sdk/src/rp2_common/pico_float/float_init_rom.c.obj
 .debug_abbrev  0x0000385c       0x12 CMakeFiles/hydroponic.dir/D_/student_works/~Related_Diploma~/Software_Code/pico-sdk/src/rp2_common/pico_float/float_v1_rom_shim.S.obj
 .debug_abbrev  0x0000386e       0x12 CMakeFiles/hydroponic.dir/D_/student_works/~Related_Diploma~/Software_Code/pico-sdk/src/rp2_common/pico_mem_ops/mem_ops_aeabi.S.obj